2026-10-08T10:12:12.2270627Z Current runner version: '2.337.0'
2026-10-08T10:12:12.2290230Z ##[group]Runner Image Provisioner
2026-10-08T10:12:12.2290785Z Hosted Compute Agent
2026-10-08T10:12:12.2291194Z Version: 20261002.596
2026-10-08T10:12:12.2291580Z Commit: c3d12f3313a95f25162a1503be624f3b0617f8c0
2026-10-08T10:12:12.2292007Z Build Date: 2026-10-02T22:28:27Z
2026-10-08T10:12:12.2292477Z Worker ID: {ed92796e-d247-4076-af91-4cd44efb04ba}
2026-10-08T10:12:12.2292921Z Region: centralus
2026-10-08T10:12:12.2293411Z Cloud: Azure
2026-10-08T10:12:12.2293748Z ##[endgroup]
2026-10-08T10:12:12.2294514Z ##[group]Operating System
2026-10-08T10:12:12.2294917Z Ubuntu
2026-10-08T10:12:12.2295263Z 24.04.5
2026-10-08T10:12:12.2295562Z LTS
2026-10-08T10:12:12.2295919Z ##[endgroup]
2026-10-08T10:12:12.2296259Z ##[group]Runner Image
2026-10-08T10:12:12.2296686Z Image: ubuntu-24.04
2026-10-08T10:12:12.2297059Z Version: 20261004.327.1
2026-10-08T10:12:12.2297834Z Included Software: https://github.com/actions/runner-images/blob/ubuntu24/20261004.327/images/ubuntu/Ubuntu2404-Readme.md
2026-10-08T10:12:12.2298668Z Image Release: https://github.com/actions/runner-images/releases/tag/ubuntu24%2F20261004.327
2026-10-08T10:12:12.2299279Z ##[endgroup]
2026-10-08T10:12:12.2299980Z ##[group]GITHUB_TOKEN Permissions
2026-10-08T10:12:12.2301196Z Checks: write
2026-10-08T10:12:12.2301537Z Contents: read
2026-10-08T10:12:12.2301874Z Metadata: read
2026-10-08T10:12:12.2302283Z ##[endgroup]
2026-10-08T10:12:12.2303730Z Secret source: Actions
2026-10-08T10:12:12.2304333Z Cache mode: write
2026-10-08T10:12:12.2304745Z Prepare workflow directory
2026-10-08T10:12:12.2583699Z Prepare all required actions
2026-10-08T10:12:12.2626913Z Getting action download info
2026-10-08T10:12:12.5195180Z Download action repository 'actions/checkout@3d3c42e5aac5ba805825da76410c181273ba90b1' (SHA:3d3c42e5aac5ba805825da76410c181273ba90b1)
2026-10-08T10:12:12.6029263Z Download action repository 'dtolnay/rust-toolchain@6c977a6ca4077a0ceb28ffbe03f59d46e9ac8772' (SHA:6c977a6ca4077a0ceb28ffbe03f59d46e9ac8772)
2026-10-08T10:12:12.7914277Z Download action repository 'Swatinem/rust-cache@f0d9c3887740aee45f6153b24b3a6b815192ec16' (SHA:f0d9c3887740aee45f6153b24b3a6b815192ec16)
2026-10-08T10:12:13.2797925Z Download action repository 'actions/upload-artifact@043fb46d1a93c77aae656e7c1c64a875d1fc6a0a' (SHA:043fb46d1a93c77aae656e7c1c64a875d1fc6a0a)
2026-10-08T10:12:13.4746281Z Complete job name: Memory recall and scale qualification
2026-10-08T10:12:13.5231464Z ##[group]Run actions/checkout@3d3c42e5aac5ba805825da76410c181273ba90b1
2026-10-08T10:12:13.5231989Z with:
2026-10-08T10:12:13.5232237Z   repository: surya-koritala/AIagentOS
2026-10-08T10:12:13.5234484Z   token: ***
2026-10-08T10:12:13.5234716Z   ssh-strict: true
2026-10-08T10:12:13.5234957Z   ssh-user: git
2026-10-08T10:12:13.5235204Z   persist-credentials: true
2026-10-08T10:12:13.5235467Z   clean: true
2026-10-08T10:12:13.5235711Z   sparse-checkout-cone-mode: true
2026-10-08T10:12:13.5235988Z   fetch-depth: 1
2026-10-08T10:12:13.5236222Z   fetch-tags: false
2026-10-08T10:12:13.5236488Z   show-progress: true
2026-10-08T10:12:13.5236747Z   lfs: false
2026-10-08T10:12:13.5236988Z   submodules: false
2026-10-08T10:12:13.5237232Z   set-safe-directory: true
2026-10-08T10:12:13.5237526Z   allow-unsafe-pr-checkout: false
2026-10-08T10:12:13.5237881Z env:
2026-10-08T10:12:13.5238105Z   CARGO_TERM_COLOR: always
2026-10-08T10:12:13.5238369Z   RUST_BACKTRACE: 1
2026-10-08T10:12:13.5238644Z   CARGO_INCREMENTAL: 0
2026-10-08T10:12:13.5238886Z ##[endgroup]
2026-10-08T10:12:13.5889783Z Syncing repository: surya-koritala/AIagentOS
2026-10-08T10:12:13.5890838Z ##[group]Getting Git version info
2026-10-08T10:12:13.5891221Z Working directory is '/home/runner/work/AIagentOS/AIagentOS'
2026-10-08T10:12:13.5891808Z [command]/usr/bin/git version
2026-10-08T10:12:13.5949961Z git version 2.55.0
2026-10-08T10:12:13.5961430Z ##[endgroup]
2026-10-08T10:12:13.5968608Z Temporarily overriding HOME='/home/runner/work/_temp/f7aa40d4-2797-41c1-9765-45d543b5ba13' before making global git config changes
2026-10-08T10:12:13.5969603Z Adding repository directory to the temporary git global config as a safe directory
2026-10-08T10:12:13.5972080Z [command]/usr/bin/git config --global --add safe.directory /home/runner/work/AIagentOS/AIagentOS
2026-10-08T10:12:13.6010432Z Deleting the contents of '/home/runner/work/AIagentOS/AIagentOS'
2026-10-08T10:12:13.6012591Z ##[group]Determining repository object format
2026-10-08T10:12:13.6013732Z ##[endgroup]
2026-10-08T10:12:13.6014121Z ##[group]Initializing the repository
2026-10-08T10:12:13.6016393Z [command]/usr/bin/git init /home/runner/work/AIagentOS/AIagentOS
2026-10-08T10:12:13.6116119Z hint: Using 'master' as the name for the initial branch. This default branch name
2026-10-08T10:12:13.6116987Z hint: will change to "main" in Git 3.0. To configure the initial branch name
2026-10-08T10:12:13.6117495Z hint: to use in all of your new repositories, which will suppress this warning,
2026-10-08T10:12:13.6117895Z hint: call:
2026-10-08T10:12:13.6118123Z hint:
2026-10-08T10:12:13.6118502Z hint: 	git config --global init.defaultBranch <name>
2026-10-08T10:12:13.6119011Z hint:
2026-10-08T10:12:13.6119512Z hint: Names commonly chosen instead of 'master' are 'main', 'trunk' and
2026-10-08T10:12:13.6120082Z hint: 'development'. The just-created branch can be renamed via this command:
2026-10-08T10:12:13.6120593Z hint:
2026-10-08T10:12:13.6120949Z hint: 	git branch -m <name>
2026-10-08T10:12:13.6121250Z hint:
2026-10-08T10:12:13.6121600Z hint: Disable this message with "git config set advice.defaultBranchName false"
2026-10-08T10:12:13.6122139Z Initialized empty Git repository in /home/runner/work/AIagentOS/AIagentOS/.git/
2026-10-08T10:12:13.6126228Z [command]/usr/bin/git remote add origin https://github.com/surya-koritala/AIagentOS
2026-10-08T10:12:13.6229517Z ##[endgroup]
2026-10-08T10:12:13.6230650Z ##[group]Disabling automatic garbage collection
2026-10-08T10:12:13.6231476Z [command]/usr/bin/git config --local gc.auto 0
2026-10-08T10:12:13.6232347Z ##[endgroup]
2026-10-08T10:12:13.6232777Z ##[group]Setting up auth
2026-10-08T10:12:13.6233298Z Removing SSH command configuration
2026-10-08T10:12:13.6233881Z [command]/usr/bin/git config --local --name-only --get-regexp core\.sshCommand
2026-10-08T10:12:13.6254028Z [command]/usr/bin/git submodule foreach --recursive sh -c "git config --local --name-only --get-regexp 'core\.sshCommand' && git config --local --unset-all 'core.sshCommand' || :"
2026-10-08T10:12:13.6534971Z Removing HTTP extra header
2026-10-08T10:12:13.6539091Z [command]/usr/bin/git config --local --name-only --get-regexp http\.https\:\/\/github\.com\/\.extraheader
2026-10-08T10:12:13.6564586Z [command]/usr/bin/git submodule foreach --recursive sh -c "git config --local --name-only --get-regexp 'http\.https\:\/\/github\.com\/\.extraheader' && git config --local --unset-all 'http.https://github.com/.extraheader' || :"
2026-10-08T10:12:13.6732461Z Removing includeIf entries pointing to credentials config files
2026-10-08T10:12:13.6736409Z [command]/usr/bin/git config --local --name-only --get-regexp ^includeIf\.gitdir:
2026-10-08T10:12:13.6762060Z [command]/usr/bin/git submodule foreach --recursive git config --local --show-origin --name-only --get-regexp remote.origin.url
2026-10-08T10:12:13.6938115Z [command]/usr/bin/git config --file /home/runner/work/_temp/git-credentials-39db3490-acdc-462e-be55-a668d5da0fab.config http.https://github.com/.extraheader AUTHORIZATION: basic ***
2026-10-08T10:12:13.6978323Z [command]/usr/bin/git config --local includeIf.gitdir:/home/runner/work/AIagentOS/AIagentOS/.git.path /home/runner/work/_temp/git-credentials-39db3490-acdc-462e-be55-a668d5da0fab.config
2026-10-08T10:12:13.7004294Z [command]/usr/bin/git config --local includeIf.gitdir:/home/runner/work/AIagentOS/AIagentOS/.git/worktrees/*.path /home/runner/work/_temp/git-credentials-39db3490-acdc-462e-be55-a668d5da0fab.config
2026-10-08T10:12:13.7031236Z [command]/usr/bin/git config --local includeIf.gitdir:/github/workspace/.git.path /github/runner_temp/git-credentials-39db3490-acdc-462e-be55-a668d5da0fab.config
2026-10-08T10:12:13.7056097Z [command]/usr/bin/git config --local includeIf.gitdir:/github/workspace/.git/worktrees/*.path /github/runner_temp/git-credentials-39db3490-acdc-462e-be55-a668d5da0fab.config
2026-10-08T10:12:13.7078714Z ##[endgroup]
2026-10-08T10:12:13.7079343Z ##[group]Fetching the repository
2026-10-08T10:12:13.7084521Z [command]/usr/bin/git -c protocol.version=2 fetch --no-tags --prune --no-recurse-submodules --depth=1 origin +23c49e8e13999340e939c98ccc642d52622cf36d:refs/remotes/pull/405/merge
2026-10-08T10:12:14.7111728Z From https://github.com/surya-koritala/AIagentOS
2026-10-08T10:12:14.7113649Z  * [new ref]         23c49e8e13999340e939c98ccc642d52622cf36d -> pull/405/merge
2026-10-08T10:12:14.7117626Z ##[endgroup]
2026-10-08T10:12:14.7118827Z ##[group]Determining the checkout info
2026-10-08T10:12:14.7120266Z ##[endgroup]
2026-10-08T10:12:14.7121700Z [command]/usr/bin/git sparse-checkout disable
2026-10-08T10:12:14.7171065Z [command]/usr/bin/git config --local --unset-all extensions.worktreeConfig
2026-10-08T10:12:14.7197119Z ##[group]Checking out the ref
2026-10-08T10:12:14.7199937Z [command]/usr/bin/git checkout --progress --force refs/remotes/pull/405/merge
2026-10-08T10:12:14.7623850Z Note: switching to 'refs/remotes/pull/405/merge'.
2026-10-08T10:12:14.7624784Z 
2026-10-08T10:12:14.7625440Z You are in 'detached HEAD' state. You can look around, make experimental
2026-10-08T10:12:14.7627279Z changes and commit them, and you can discard any commits you make in this
2026-10-08T10:12:14.7629277Z state without impacting any branches by switching back to a branch.
2026-10-08T10:12:14.7630454Z 
2026-10-08T10:12:14.7631114Z If you want to create a new branch to retain commits you create, you may
2026-10-08T10:12:14.7632550Z do so (now or later) by using -c with the switch command. Example:
2026-10-08T10:12:14.7633683Z 
2026-10-08T10:12:14.7634147Z   git switch -c <new-branch-name>
2026-10-08T10:12:14.7634715Z 
2026-10-08T10:12:14.7635061Z Or undo this operation with:
2026-10-08T10:12:14.7635593Z 
2026-10-08T10:12:14.7635910Z   git switch -
2026-10-08T10:12:14.7636340Z 
2026-10-08T10:12:14.7636985Z Turn off this advice by setting config variable advice.detachedHead to false
2026-10-08T10:12:14.7637926Z 
2026-10-08T10:12:14.7638991Z HEAD is now at 23c49e8 Merge e47275e1d53ec926e733b01ba6abc4c38e9702b7 into 0ce8301a267e30cd37f89d49387f0c192919c8d3
2026-10-08T10:12:14.7642391Z ##[endgroup]
2026-10-08T10:12:14.7672573Z [command]/usr/bin/git log -1 --format=%H
2026-10-08T10:12:14.7692723Z 23c49e8e13999340e939c98ccc642d52622cf36d
2026-10-08T10:12:14.8115583Z ##[group]Run dtolnay/rust-toolchain@6c977a6ca4077a0ceb28ffbe03f59d46e9ac8772
2026-10-08T10:12:14.8116752Z with:
2026-10-08T10:12:14.8117254Z   toolchain: 1.97.1
2026-10-08T10:12:14.8117787Z env:
2026-10-08T10:12:14.8118294Z   CARGO_TERM_COLOR: always
2026-10-08T10:12:14.8118884Z   RUST_BACKTRACE: 1
2026-10-08T10:12:14.8119422Z   CARGO_INCREMENTAL: 0
2026-10-08T10:12:14.8119974Z ##[endgroup]
2026-10-08T10:12:14.8177307Z ##[start-action display=Parse toolchain version;id=__dtolnay_rust-toolchain.parse]
2026-10-08T10:12:14.8235645Z ##[group]Run if [[ -z $toolchain ]]; then
2026-10-08T10:12:14.8236471Z [36;1mif [[ -z $toolchain ]]; then[0m
2026-10-08T10:12:14.8237615Z [36;1m  # GitHub does not enforce `required: true` inputs itself. https://github.com/actions/runner/issues/1070[0m
2026-10-08T10:12:14.8238819Z [36;1m  echo "'toolchain' is a required input" >&2[0m
2026-10-08T10:12:14.8239531Z [36;1m  exit 1[0m
2026-10-08T10:12:14.8240353Z [36;1melif [[ $toolchain =~ ^stable' '[0-9]+' '(year|month|week|day)s?' 'ago$ ]]; then[0m
2026-10-08T10:12:14.8241302Z [36;1m  if [[ Linux == macOS ]]; then[0m
2026-10-08T10:12:14.8242461Z [36;1m    echo "toolchain=1.$((($(date -v-$(sed 's/stable \([0-9]*\) \(.\).*/\1\2/' <<< $toolchain) +%s)/60/60/24-16569)/7/6))" >> $GITHUB_OUTPUT[0m
2026-10-08T10:12:14.8243706Z [36;1m  else[0m
2026-10-08T10:12:14.8244619Z [36;1m    echo "toolchain=1.$((($(date --date "${toolchain#stable }" +%s)/60/60/24-16569)/7/6))" >> $GITHUB_OUTPUT[0m
2026-10-08T10:12:14.8245834Z [36;1m  fi[0m
2026-10-08T10:12:14.8246537Z [36;1melif [[ $toolchain =~ ^stable' 'minus' '[0-9]+' 'releases?$ ]]; then[0m
2026-10-08T10:12:14.8247724Z [36;1m  echo "toolchain=1.$((($(date +%s)/60/60/24-16569)/7/6-${toolchain//[^0-9]/}))" >> $GITHUB_OUTPUT[0m
2026-10-08T10:12:14.8248764Z [36;1melif [[ $toolchain =~ ^1\.[0-9]+$ ]]; then[0m
2026-10-08T10:12:14.8249945Z [36;1m  echo "toolchain=1.$((i=${toolchain#1.}, c=($(date +%s)/60/60/24-16569)/7/6, i+9*i*(10*i<=c)+90*i*(100*i<=c)))" >> $GITHUB_OUTPUT[0m
2026-10-08T10:12:14.8251068Z [36;1melse[0m
2026-10-08T10:12:14.8251668Z [36;1m  echo "toolchain=$toolchain" >> $GITHUB_OUTPUT[0m
2026-10-08T10:12:14.8252374Z [36;1mfi[0m
2026-10-08T10:12:14.8477224Z shell: /usr/bin/bash --noprofile --norc -e -o pipefail {0}
2026-10-08T10:12:14.8478075Z env:
2026-10-08T10:12:14.8478596Z   CARGO_TERM_COLOR: always
2026-10-08T10:12:14.8479178Z   RUST_BACKTRACE: 1
2026-10-08T10:12:14.8479730Z   CARGO_INCREMENTAL: 0
2026-10-08T10:12:14.8480266Z   toolchain: 1.97.1
2026-10-08T10:12:14.8480780Z ##[endgroup]
2026-10-08T10:12:14.8617609Z ##[end-action id=__dtolnay_rust-toolchain.parse;outcome=success;conclusion=success;duration_ms=43]
2026-10-08T10:12:14.8629999Z ##[start-action display=Construct rustup command line;id=__dtolnay_rust-toolchain.flags]
2026-10-08T10:12:14.8668290Z ##[group]Run echo "targets=$(for t in ${targets//,/ }; do echo -n ' --target' $t; done)" >> $GITHUB_OUTPUT
2026-10-08T10:12:14.8669684Z [36;1mecho "targets=$(for t in ${targets//,/ }; do echo -n ' --target' $t; done)" >> $GITHUB_OUTPUT[0m
2026-10-08T10:12:14.8671059Z [36;1mecho "components=$(for c in ${components//,/ }; do echo -n ' --component' $c; done)" >> $GITHUB_OUTPUT[0m
2026-10-08T10:12:14.8672152Z [36;1mecho "downgrade=" >> $GITHUB_OUTPUT[0m
2026-10-08T10:12:14.8728592Z shell: /usr/bin/bash --noprofile --norc -e -o pipefail {0}
2026-10-08T10:12:14.8729392Z env:
2026-10-08T10:12:14.8729884Z   CARGO_TERM_COLOR: always
2026-10-08T10:12:14.8730478Z   RUST_BACKTRACE: 1
2026-10-08T10:12:14.8731037Z   CARGO_INCREMENTAL: 0
2026-10-08T10:12:14.8731579Z   targets: 
2026-10-08T10:12:14.8732059Z   components: 
2026-10-08T10:12:14.8732627Z ##[endgroup]
2026-10-08T10:12:14.8828353Z ##[end-action id=__dtolnay_rust-toolchain.flags;outcome=success;conclusion=success;duration_ms=19]
2026-10-08T10:12:14.8832659Z ##[start-action display=Set $CARGO_HOME;id=__dtolnay_rust-toolchain.__run]
2026-10-08T10:12:14.8864861Z ##[group]Run echo CARGO_HOME=${CARGO_HOME:-"$HOME/.cargo"} >> $GITHUB_ENV
2026-10-08T10:12:14.8866206Z [36;1mecho CARGO_HOME=${CARGO_HOME:-"$HOME/.cargo"} >> $GITHUB_ENV[0m
2026-10-08T10:12:14.8923416Z shell: /usr/bin/bash --noprofile --norc -e -o pipefail {0}
2026-10-08T10:12:14.8924223Z env:
2026-10-08T10:12:14.8924741Z   CARGO_TERM_COLOR: always
2026-10-08T10:12:14.8925329Z   RUST_BACKTRACE: 1
2026-10-08T10:12:14.8925874Z   CARGO_INCREMENTAL: 0
2026-10-08T10:12:14.8926414Z ##[endgroup]
2026-10-08T10:12:14.9018725Z ##[end-action id=__dtolnay_rust-toolchain.__run;outcome=success;conclusion=success;duration_ms=18]
2026-10-08T10:12:14.9023757Z ##[start-action display=Install rustup if needed;id=__dtolnay_rust-toolchain.__run_2]
2026-10-08T10:12:14.9062407Z ##[group]Run if ! command -v rustup &>/dev/null; then
2026-10-08T10:12:14.9063347Z [36;1mif ! command -v rustup &>/dev/null; then[0m
2026-10-08T10:12:14.9064962Z [36;1m  curl --proto '=https' --tlsv1.2 --retry 10 --retry-connrefused --location --silent --show-error --fail https://sh.rustup.rs | sh -s -- --default-toolchain none -y[0m
2026-10-08T10:12:14.9066474Z [36;1m  echo "$CARGO_HOME/bin" >> $GITHUB_PATH[0m
2026-10-08T10:12:14.9067136Z [36;1mfi[0m
2026-10-08T10:12:14.9124184Z shell: /usr/bin/bash --noprofile --norc -e -o pipefail {0}
2026-10-08T10:12:14.9124911Z env:
2026-10-08T10:12:14.9125380Z   CARGO_TERM_COLOR: always
2026-10-08T10:12:14.9125925Z   RUST_BACKTRACE: 1
2026-10-08T10:12:14.9126426Z   CARGO_INCREMENTAL: 0
2026-10-08T10:12:14.9126971Z   CARGO_HOME: /home/runner/.cargo
2026-10-08T10:12:14.9127718Z ##[endgroup]
2026-10-08T10:12:14.9216918Z ##[end-action id=__dtolnay_rust-toolchain.__run_2;outcome=success;conclusion=success;duration_ms=19]
2026-10-08T10:12:14.9221231Z ##[start-action display=Install rustup if needed on windows;id=__dtolnay_rust-toolchain.__run_3]
2026-10-08T10:12:14.9232408Z ##[end-action id=__dtolnay_rust-toolchain.__run_3;outcome=skipped;conclusion=skipped;duration_ms=0]
2026-10-08T10:12:14.9242869Z ##[start-action display=rustup toolchain install 1.97.1;id=__dtolnay_rust-toolchain.__run_4]
2026-10-08T10:12:14.9273282Z ##[group]Run rustup toolchain install 1.97.1 --profile minimal --no-self-update
2026-10-08T10:12:14.9274404Z [36;1mrustup toolchain install 1.97.1 --profile minimal --no-self-update[0m
2026-10-08T10:12:14.9331875Z shell: /usr/bin/bash --noprofile --norc -e -o pipefail {0}
2026-10-08T10:12:14.9332604Z env:
2026-10-08T10:12:14.9333063Z   CARGO_TERM_COLOR: always
2026-10-08T10:12:14.9333789Z   RUST_BACKTRACE: 1
2026-10-08T10:12:14.9334311Z   CARGO_INCREMENTAL: 0
2026-10-08T10:12:14.9334853Z   CARGO_HOME: /home/runner/.cargo
2026-10-08T10:12:14.9335465Z   RUSTUP_PERMIT_COPY_RENAME: 1
2026-10-08T10:12:14.9336026Z ##[endgroup]
2026-10-08T10:12:14.9845781Z info: syncing channel updates for 1.97.1-x86_64-unknown-linux-gnu
2026-10-08T10:12:15.2193686Z info: latest update on 2026-07-16 for version 1.97.1 (8bab26f4f 2026-07-14)
2026-10-08T10:12:15.2194608Z info: downloading 3 components
2026-10-08T10:12:21.8038864Z 
2026-10-08T10:12:21.8102111Z   1.97.1-x86_64-unknown-linux-gnu installed - rustc 1.97.1 (8bab26f4f 2026-07-14)
2026-10-08T10:12:21.8102420Z 
2026-10-08T10:12:21.8150365Z ##[end-action id=__dtolnay_rust-toolchain.__run_4;outcome=success;conclusion=success;duration_ms=6890]
2026-10-08T10:12:21.8158486Z ##[start-action display=rustup default 1.97.1;id=__dtolnay_rust-toolchain.__run_5]
2026-10-08T10:12:21.8180675Z ##[group]Run rustup default 1.97.1
2026-10-08T10:12:21.8180866Z [36;1mrustup default 1.97.1[0m
2026-10-08T10:12:21.8232349Z shell: /usr/bin/bash --noprofile --norc -e -o pipefail {0}
2026-10-08T10:12:21.8232545Z env:
2026-10-08T10:12:21.8232661Z   CARGO_TERM_COLOR: always
2026-10-08T10:12:21.8232789Z   RUST_BACKTRACE: 1
2026-10-08T10:12:21.8232916Z   CARGO_INCREMENTAL: 0
2026-10-08T10:12:21.8233053Z   CARGO_HOME: /home/runner/.cargo
2026-10-08T10:12:21.8233354Z ##[endgroup]
2026-10-08T10:12:21.8333499Z info: using existing install for 1.97.1-x86_64-unknown-linux-gnu
2026-10-08T10:12:21.8340716Z info: default toolchain set to 1.97.1-x86_64-unknown-linux-gnu
2026-10-08T10:12:21.8341065Z 
2026-10-08T10:12:21.8397491Z   1.97.1-x86_64-unknown-linux-gnu unchanged - rustc 1.97.1 (8bab26f4f 2026-07-14)
2026-10-08T10:12:21.8397704Z 
2026-10-08T10:12:21.8398639Z info: note that the toolchain '1.97.1-x86_64-unknown-linux-gnu' is currently in use (overridden by '/home/runner/work/AIagentOS/AIagentOS/rust-toolchain.toml')
2026-10-08T10:12:21.8414511Z ##[end-action id=__dtolnay_rust-toolchain.__run_5;outcome=success;conclusion=success;duration_ms=25]
2026-10-08T10:12:21.8416741Z ##[start-action display=Create cachekey;id=__dtolnay_rust-toolchain.rustc-version]
2026-10-08T10:12:21.8437804Z ##[group]Run DATE=$(rustc +1.97.1 --version --verbose | sed -ne 's/^commit-date: \(20[0-9][0-9]\)-\([01][0-9]\)-\([0-3][0-9]\)$/\1\2\3/p')
2026-10-08T10:12:21.8438267Z [36;1mDATE=$(rustc +1.97.1 --version --verbose | sed -ne 's/^commit-date: \(20[0-9][0-9]\)-\([01][0-9]\)-\([0-3][0-9]\)$/\1\2\3/p')[0m
2026-10-08T10:12:21.8438626Z [36;1mHASH=$(rustc +1.97.1 --version --verbose | sed -ne 's/^commit-hash: //p')[0m
2026-10-08T10:12:21.8438899Z [36;1mecho "cachekey=$(echo $DATE$HASH | head -c12)" >> $GITHUB_OUTPUT[0m
2026-10-08T10:12:21.8488903Z shell: /usr/bin/bash --noprofile --norc -e -o pipefail {0}
2026-10-08T10:12:21.8489093Z env:
2026-10-08T10:12:21.8489206Z   CARGO_TERM_COLOR: always
2026-10-08T10:12:21.8489358Z   RUST_BACKTRACE: 1
2026-10-08T10:12:21.8489496Z   CARGO_INCREMENTAL: 0
2026-10-08T10:12:21.8489624Z   CARGO_HOME: /home/runner/.cargo
2026-10-08T10:12:21.8489897Z ##[endgroup]
2026-10-08T10:12:21.8776036Z ##[end-action id=__dtolnay_rust-toolchain.rustc-version;outcome=success;conclusion=success;duration_ms=35]
2026-10-08T10:12:21.8778305Z ##[start-action display=Disable incremental compilation;id=__dtolnay_rust-toolchain.__run_6]
2026-10-08T10:12:21.8799868Z ##[group]Run if [ -z "${CARGO_INCREMENTAL+set}" ]; then
2026-10-08T10:12:21.8800121Z [36;1mif [ -z "${CARGO_INCREMENTAL+set}" ]; then[0m
2026-10-08T10:12:21.8800310Z [36;1m  echo CARGO_INCREMENTAL=0 >> $GITHUB_ENV[0m
2026-10-08T10:12:21.8800489Z [36;1mfi[0m
2026-10-08T10:12:21.8851256Z shell: /usr/bin/bash --noprofile --norc -e -o pipefail {0}
2026-10-08T10:12:21.8851460Z env:
2026-10-08T10:12:21.8851587Z   CARGO_TERM_COLOR: always
2026-10-08T10:12:21.8851719Z   RUST_BACKTRACE: 1
2026-10-08T10:12:21.8851841Z   CARGO_INCREMENTAL: 0
2026-10-08T10:12:21.8851977Z   CARGO_HOME: /home/runner/.cargo
2026-10-08T10:12:21.8852119Z ##[endgroup]
2026-10-08T10:12:21.8924882Z ##[end-action id=__dtolnay_rust-toolchain.__run_6;outcome=success;conclusion=success;duration_ms=14]
2026-10-08T10:12:21.8926827Z ##[start-action display=Enable colors in Cargo output;id=__dtolnay_rust-toolchain.__run_7]
2026-10-08T10:12:21.8946516Z ##[group]Run if [ -z "${CARGO_TERM_COLOR+set}" ]; then
2026-10-08T10:12:21.8946751Z [36;1mif [ -z "${CARGO_TERM_COLOR+set}" ]; then[0m
2026-10-08T10:12:21.8946945Z [36;1m  echo CARGO_TERM_COLOR=always >> $GITHUB_ENV[0m
2026-10-08T10:12:21.8947112Z [36;1mfi[0m
2026-10-08T10:12:21.8995980Z shell: /usr/bin/bash --noprofile --norc -e -o pipefail {0}
2026-10-08T10:12:21.8996180Z env:
2026-10-08T10:12:21.8996296Z   CARGO_TERM_COLOR: always
2026-10-08T10:12:21.8996426Z   RUST_BACKTRACE: 1
2026-10-08T10:12:21.8996547Z   CARGO_INCREMENTAL: 0
2026-10-08T10:12:21.8996680Z   CARGO_HOME: /home/runner/.cargo
2026-10-08T10:12:21.8996823Z ##[endgroup]
2026-10-08T10:12:21.9066237Z ##[end-action id=__dtolnay_rust-toolchain.__run_7;outcome=success;conclusion=success;duration_ms=13]
2026-10-08T10:12:21.9068158Z ##[start-action display=Enable Cargo sparse registry;id=__dtolnay_rust-toolchain.__run_8]
2026-10-08T10:12:21.9088863Z ##[group]Run # implemented in 1.66, stabilized in 1.68, made default in 1.70
2026-10-08T10:12:21.9089171Z [36;1m# implemented in 1.66, stabilized in 1.68, made default in 1.70[0m
2026-10-08T10:12:21.9089552Z [36;1mif [ -z "${CARGO_REGISTRIES_CRATES_IO_PROTOCOL+set}" -o -f "/home/runner/work/_temp"/.implicit_cargo_registries_crates_io_protocol ]; then[0m
2026-10-08T10:12:21.9090090Z [36;1m  if rustc +1.97.1 --version --verbose | grep -q '^release: 1\.6[89]\.'; then[0m
2026-10-08T10:12:21.9090404Z [36;1m    touch "/home/runner/work/_temp"/.implicit_cargo_registries_crates_io_protocol || true[0m
2026-10-08T10:12:21.9090698Z [36;1m    echo CARGO_REGISTRIES_CRATES_IO_PROTOCOL=sparse >> $GITHUB_ENV[0m
2026-10-08T10:12:21.9090967Z [36;1m  elif rustc +1.97.1 --version --verbose | grep -q '^release: 1\.6[67]\.'; then[0m
2026-10-08T10:12:21.9091271Z [36;1m    touch "/home/runner/work/_temp"/.implicit_cargo_registries_crates_io_protocol || true[0m
2026-10-08T10:12:21.9091562Z [36;1m    echo CARGO_REGISTRIES_CRATES_IO_PROTOCOL=git >> $GITHUB_ENV[0m
2026-10-08T10:12:21.9091754Z [36;1m  fi[0m
2026-10-08T10:12:21.9091863Z [36;1mfi[0m
2026-10-08T10:12:21.9138726Z shell: /usr/bin/bash --noprofile --norc -e -o pipefail {0}
2026-10-08T10:12:21.9138914Z env:
2026-10-08T10:12:21.9139035Z   CARGO_TERM_COLOR: always
2026-10-08T10:12:21.9139165Z   RUST_BACKTRACE: 1
2026-10-08T10:12:21.9139283Z   CARGO_INCREMENTAL: 0
2026-10-08T10:12:21.9139426Z   CARGO_HOME: /home/runner/.cargo
2026-10-08T10:12:21.9139570Z ##[endgroup]
2026-10-08T10:12:21.9407561Z ##[end-action id=__dtolnay_rust-toolchain.__run_8;outcome=success;conclusion=success;duration_ms=33]
2026-10-08T10:12:21.9409862Z ##[start-action display=Work around spurious network errors in curl 8.0;id=__dtolnay_rust-toolchain.__run_9]
2026-10-08T10:12:21.9431740Z ##[group]Run # https://rust-lang.zulipchat.com/#narrow/stream/246057-t-cargo/topic/timeout.20investigation
2026-10-08T10:12:21.9432322Z [36;1m# https://rust-lang.zulipchat.com/#narrow/stream/246057-t-cargo/topic/timeout.20investigation[0m
2026-10-08T10:12:21.9432657Z [36;1mif rustc +1.97.1 --version --verbose | grep -q '^release: 1\.7[01]\.'; then[0m
2026-10-08T10:12:21.9432910Z [36;1m  echo CARGO_HTTP_MULTIPLEXING=false >> $GITHUB_ENV[0m
2026-10-08T10:12:21.9433084Z [36;1mfi[0m
2026-10-08T10:12:21.9483504Z shell: /usr/bin/bash --noprofile --norc -e -o pipefail {0}
2026-10-08T10:12:21.9483699Z env:
2026-10-08T10:12:21.9483864Z   CARGO_TERM_COLOR: always
2026-10-08T10:12:21.9483998Z   RUST_BACKTRACE: 1
2026-10-08T10:12:21.9484118Z   CARGO_INCREMENTAL: 0
2026-10-08T10:12:21.9484251Z   CARGO_HOME: /home/runner/.cargo
2026-10-08T10:12:21.9484396Z ##[endgroup]
2026-10-08T10:12:21.9653968Z ##[end-action id=__dtolnay_rust-toolchain.__run_9;outcome=success;conclusion=success;duration_ms=24]
2026-10-08T10:12:21.9657981Z ##[start-action display=rustc +1.97.1 --version --verbose;id=__dtolnay_rust-toolchain.__run_10]
2026-10-08T10:12:21.9677878Z ##[group]Run rustc +1.97.1 --version --verbose
2026-10-08T10:12:21.9678090Z [36;1mrustc +1.97.1 --version --verbose[0m
2026-10-08T10:12:21.9728868Z shell: /usr/bin/bash --noprofile --norc -e -o pipefail {0}
2026-10-08T10:12:21.9729066Z env:
2026-10-08T10:12:21.9729188Z   CARGO_TERM_COLOR: always
2026-10-08T10:12:21.9729315Z   RUST_BACKTRACE: 1
2026-10-08T10:12:21.9729429Z   CARGO_INCREMENTAL: 0
2026-10-08T10:12:21.9729560Z   CARGO_HOME: /home/runner/.cargo
2026-10-08T10:12:21.9729700Z ##[endgroup]
2026-10-08T10:12:21.9885863Z rustc 1.97.1 (8bab26f4f 2026-07-14)
2026-10-08T10:12:21.9886115Z binary: rustc
2026-10-08T10:12:21.9886307Z commit-hash: 8bab26f4f68e0e26f0bb7960be334d5b520ea452
2026-10-08T10:12:21.9886498Z commit-date: 2026-07-14
2026-10-08T10:12:21.9886733Z host: x86_64-unknown-linux-gnu
2026-10-08T10:12:21.9886955Z release: 1.97.1
2026-10-08T10:12:21.9887398Z LLVM version: 22.1.6
2026-10-08T10:12:21.9900147Z ##[end-action id=__dtolnay_rust-toolchain.__run_10;outcome=success;conclusion=success;duration_ms=24]
2026-10-08T10:12:22.0007124Z ##[group]Run Swatinem/rust-cache@f0d9c3887740aee45f6153b24b3a6b815192ec16
2026-10-08T10:12:22.0007350Z with:
2026-10-08T10:12:22.0007462Z   save-if: false
2026-10-08T10:12:22.0007582Z   prefix-key: v0-rust
2026-10-08T10:12:22.0007709Z   add-job-id-key: true
2026-10-08T10:12:22.0007847Z   add-rust-environment-hash-key: true
2026-10-08T10:12:22.0007995Z   cache-targets: true
2026-10-08T10:12:22.0008120Z   cache-all-crates: false
2026-10-08T10:12:22.0008255Z   cache-workspace-crates: false
2026-10-08T10:12:22.0008397Z   cache-provider: github
2026-10-08T10:12:22.0008524Z   cache-bin: true
2026-10-08T10:12:22.0008640Z   lookup-only: false
2026-10-08T10:12:22.0008753Z   cmd-format: {0}
2026-10-08T10:12:22.0008866Z env:
2026-10-08T10:12:22.0008975Z   CARGO_TERM_COLOR: always
2026-10-08T10:12:22.0009100Z   RUST_BACKTRACE: 1
2026-10-08T10:12:22.0009215Z   CARGO_INCREMENTAL: 0
2026-10-08T10:12:22.0009343Z   CARGO_HOME: /home/runner/.cargo
2026-10-08T10:12:22.0009495Z ##[endgroup]
2026-10-08T10:12:25.9907562Z ##[group]Cache Configuration
2026-10-08T10:12:25.9907869Z Cache Provider:
2026-10-08T10:12:25.9908051Z     github
2026-10-08T10:12:25.9908220Z Workspaces:
2026-10-08T10:12:25.9908417Z     /home/runner/work/AIagentOS/AIagentOS
2026-10-08T10:12:25.9908678Z Cache Paths:
2026-10-08T10:12:25.9908875Z     /home/runner/.cargo/bin
2026-10-08T10:12:25.9909128Z     /home/runner/.cargo/.crates.toml
2026-10-08T10:12:25.9909377Z     /home/runner/.cargo/.crates2.json
2026-10-08T10:12:25.9909648Z     /home/runner/.cargo/registry
2026-10-08T10:12:25.9909895Z     /home/runner/.cargo/git
2026-10-08T10:12:25.9910172Z     /home/runner/work/AIagentOS/AIagentOS/target
2026-10-08T10:12:25.9910439Z Restore Key:
2026-10-08T10:12:25.9910685Z     v0-rust-memory-qualification-Linux-x64-c3c38c9c
2026-10-08T10:12:25.9910968Z Cache Key:
2026-10-08T10:12:25.9911237Z     v0-rust-memory-qualification-Linux-x64-c3c38c9c-82058cd3
2026-10-08T10:12:25.9912059Z .. Prefix:
2026-10-08T10:12:25.9912288Z   - v0-rust-memory-qualification-Linux-x64
2026-10-08T10:12:25.9912592Z .. Environment considered:
2026-10-08T10:12:25.9912819Z   - Rust Versions:
2026-10-08T10:12:25.9913129Z     - 1.97.1 x86_64-unknown-linux-gnu 8bab26f4f68e0e26f0bb7960be334d5b520ea452
2026-10-08T10:12:25.9913737Z     - 1.99.0 x86_64-unknown-linux-gnu b940084d7eb6a299eb4bfeb8e34901bc051e7ac4
2026-10-08T10:12:25.9914103Z   - CARGO_HOME
2026-10-08T10:12:25.9914306Z   - CARGO_INCREMENTAL
2026-10-08T10:12:25.9914532Z   - CARGO_TERM_COLOR
2026-10-08T10:12:25.9914739Z   - RUST_BACKTRACE
2026-10-08T10:12:25.9914944Z .. Lockfiles considered:
2026-10-08T10:12:25.9915232Z   - /home/runner/work/AIagentOS/AIagentOS/benchmarks/Cargo.toml
2026-10-08T10:12:25.9915599Z   - /home/runner/work/AIagentOS/AIagentOS/Cargo.lock
2026-10-08T10:12:25.9915973Z   - /home/runner/work/AIagentOS/AIagentOS/crates/adapters/Cargo.toml
2026-10-08T10:12:25.9916378Z   - /home/runner/work/AIagentOS/AIagentOS/crates/cli/Cargo.toml
2026-10-08T10:12:25.9916801Z   - /home/runner/work/AIagentOS/AIagentOS/crates/kernel/Cargo.toml
2026-10-08T10:12:25.9917453Z   - /home/runner/work/AIagentOS/AIagentOS/crates/resources/Cargo.toml
2026-10-08T10:12:25.9934312Z   - /home/runner/work/AIagentOS/AIagentOS/crates/sdk/Cargo.toml
2026-10-08T10:12:25.9934982Z   - /home/runner/work/AIagentOS/AIagentOS/crates/tauri-app/Cargo.toml
2026-10-08T10:12:25.9935669Z   - /home/runner/work/AIagentOS/AIagentOS/crates/tui/Cargo.toml
2026-10-08T10:12:25.9936301Z   - /home/runner/work/AIagentOS/AIagentOS/examples/Cargo.toml
2026-10-08T10:12:25.9936801Z   - /home/runner/work/AIagentOS/AIagentOS/rust-toolchain.toml
2026-10-08T10:12:25.9937398Z   - /home/runner/work/AIagentOS/AIagentOS/tests/Cargo.toml
2026-10-08T10:12:25.9938130Z ##[endgroup]
2026-10-08T10:12:25.9938376Z 
2026-10-08T10:12:25.9938586Z ... Restoring cache ...
2026-10-08T10:12:26.1459351Z Cache hit for restore-key: v0-rust-memory-qualification-Linux-x64-c3c38c9c-ca3618b7
2026-10-08T10:12:27.2938309Z Received 92274688 of 310204095 (29.7%), 88.0 MBs/sec
2026-10-08T10:12:28.2942540Z Received 230686720 of 310204095 (74.4%), 110.0 MBs/sec
2026-10-08T10:12:28.9518991Z Received 310204095 of 310204095 (100.0%), 111.3 MBs/sec
2026-10-08T10:12:28.9519430Z Cache Size: ~296 MB (310204095 B)
2026-10-08T10:12:28.9569736Z [command]/usr/bin/tar -xf /home/runner/work/_temp/fbaf4422-0052-45f5-bfc9-8cde36d33e1f/cache.tzst -P -C /home/runner/work/AIagentOS/AIagentOS --use-compress-program unzstd
2026-10-08T10:12:30.0519584Z Cache restored successfully
2026-10-08T10:12:30.0647073Z Restored from cache key "v0-rust-memory-qualification-Linux-x64-c3c38c9c-ca3618b7" full match: false.
2026-10-08T10:12:30.1534002Z ##[group]Run cargo run -p os-benchmark --bin memory-qualification --locked > memory-qualification.json
2026-10-08T10:12:30.1534458Z [36;1mcargo run -p os-benchmark --bin memory-qualification --locked > memory-qualification.json[0m
2026-10-08T10:12:30.1588540Z shell: /usr/bin/bash -e {0}
2026-10-08T10:12:30.1588710Z env:
2026-10-08T10:12:30.1588860Z   CARGO_TERM_COLOR: always
2026-10-08T10:12:30.1588993Z   RUST_BACKTRACE: 1
2026-10-08T10:12:30.1589117Z   CARGO_INCREMENTAL: 0
2026-10-08T10:12:30.1589251Z   CARGO_HOME: /home/runner/.cargo
2026-10-08T10:12:30.1589400Z   CACHE_ON_FAILURE: false
2026-10-08T10:12:30.1589532Z ##[endgroup]
2026-10-08T10:12:30.3223679Z [1m[92m    Updating[0m crates.io index
2026-10-08T10:12:31.9652195Z [1m[92m   Compiling[0m kernel v0.4.0-rc.1 (/home/runner/work/AIagentOS/AIagentOS/crates/kernel)
2026-10-08T10:12:45.8855121Z [1m[92m   Compiling[0m adapters v0.4.0-rc.1 (/home/runner/work/AIagentOS/AIagentOS/crates/adapters)
2026-10-08T10:12:45.8856081Z [1m[92m   Compiling[0m agent-sdk v0.4.0-rc.1 (/home/runner/work/AIagentOS/AIagentOS/crates/sdk)
2026-10-08T10:12:53.1273810Z [1m[92m   Compiling[0m os-benchmark v0.4.0-rc.1 (/home/runner/work/AIagentOS/AIagentOS/benchmarks)
2026-10-08T10:12:53.5199604Z [1m[92m    Finished[0m `dev` profile [unoptimized + debuginfo] target(s) in 23.22s
2026-10-08T10:12:53.5351399Z [1m[92m     Running[0m `target/debug/memory-qualification`
2026-10-08T10:12:59.1635922Z ##[group]Run actions/upload-artifact@043fb46d1a93c77aae656e7c1c64a875d1fc6a0a
2026-10-08T10:12:59.1636148Z with:
2026-10-08T10:12:59.1636271Z   name: memory-qualification
2026-10-08T10:12:59.1636418Z   path: memory-qualification.json
2026-10-08T10:12:59.1636574Z   if-no-files-found: error
2026-10-08T10:12:59.1636711Z   compression-level: 6
2026-10-08T10:12:59.1636833Z   overwrite: false
2026-10-08T10:12:59.1636955Z   include-hidden-files: false
2026-10-08T10:12:59.1637090Z   archive: true
2026-10-08T10:12:59.1637204Z env:
2026-10-08T10:12:59.1637311Z   CARGO_TERM_COLOR: always
2026-10-08T10:12:59.1637437Z   RUST_BACKTRACE: 1
2026-10-08T10:12:59.1637558Z   CARGO_INCREMENTAL: 0
2026-10-08T10:12:59.1637690Z   CARGO_HOME: /home/runner/.cargo
2026-10-08T10:12:59.1637846Z   CACHE_ON_FAILURE: false
2026-10-08T10:12:59.1637973Z ##[endgroup]
2026-10-08T10:12:59.2647741Z With the provided path, there will be 1 file uploaded
2026-10-08T10:12:59.2673800Z Artifact name is valid!
2026-10-08T10:12:59.2694205Z Root directory input is valid!
2026-10-08T10:12:59.5720143Z Uploading artifact: memory-qualification.zip
2026-10-08T10:12:59.5744495Z Beginning upload of artifact content to blob storage
2026-10-08T10:12:59.7651892Z Uploaded bytes 477
2026-10-08T10:12:59.8092671Z Finished uploading artifact content to blob storage!
2026-10-08T10:12:59.8093471Z SHA256 digest of uploaded artifact is b0b9e0de377b459acabb2d76a7b9699b65889451b05f61eae03e35292c73d1f3
2026-10-08T10:12:59.8094424Z Finalizing artifact upload
2026-10-08T10:13:00.1346334Z Artifact memory-qualification successfully finalized. Artifact ID 11541994815
2026-10-08T10:13:00.1346980Z Artifact memory-qualification has been successfully uploaded! Final size is 477 bytes. Artifact ID is 11541994815
2026-10-08T10:13:00.1350393Z Artifact download URL: https://github.com/surya-koritala/AIagentOS/actions/runs/37761904835/artifacts/11541994815
2026-10-08T10:13:00.1488302Z Post job cleanup.
2026-10-08T10:13:00.2441067Z Post job cleanup.
2026-10-08T10:13:00.3070905Z [command]/usr/bin/git version
2026-10-08T10:13:00.3101053Z git version 2.55.0
2026-10-08T10:13:00.3124524Z Temporarily overriding HOME='/home/runner/work/_temp/b37bbcf5-7bef-4b99-b540-a658a2bf20d1' before making global git config changes
2026-10-08T10:13:00.3125563Z Adding repository directory to the temporary git global config as a safe directory
2026-10-08T10:13:00.3128514Z [command]/usr/bin/git config --global --add safe.directory /home/runner/work/AIagentOS/AIagentOS
2026-10-08T10:13:00.3157211Z Removing SSH command configuration
2026-10-08T10:13:00.3161999Z [command]/usr/bin/git config --local --name-only --get-regexp core\.sshCommand
2026-10-08T10:13:00.3191217Z [command]/usr/bin/git submodule foreach --recursive sh -c "git config --local --name-only --get-regexp 'core\.sshCommand' && git config --local --unset-all 'core.sshCommand' || :"
2026-10-08T10:13:00.3374066Z Removing HTTP extra header
2026-10-08T10:13:00.3378416Z [command]/usr/bin/git config --local --name-only --get-regexp http\.https\:\/\/github\.com\/\.extraheader
2026-10-08T10:13:00.3407256Z [command]/usr/bin/git submodule foreach --recursive sh -c "git config --local --name-only --get-regexp 'http\.https\:\/\/github\.com\/\.extraheader' && git config --local --unset-all 'http.https://github.com/.extraheader' || :"
2026-10-08T10:13:00.3585095Z Removing includeIf entries pointing to credentials config files
2026-10-08T10:13:00.3590865Z [command]/usr/bin/git config --local --name-only --get-regexp ^includeIf\.gitdir:
2026-10-08T10:13:00.3615430Z includeif.gitdir:/home/runner/work/AIagentOS/AIagentOS/.git.path
2026-10-08T10:13:00.3615882Z includeif.gitdir:/home/runner/work/AIagentOS/AIagentOS/.git/worktrees/*.path
2026-10-08T10:13:00.3616144Z includeif.gitdir:/github/workspace/.git.path
2026-10-08T10:13:00.3616356Z includeif.gitdir:/github/workspace/.git/worktrees/*.path
2026-10-08T10:13:00.3622390Z [command]/usr/bin/git config --local --get-all includeif.gitdir:/home/runner/work/AIagentOS/AIagentOS/.git.path
2026-10-08T10:13:00.3641172Z /home/runner/work/_temp/git-credentials-39db3490-acdc-462e-be55-a668d5da0fab.config
2026-10-08T10:13:00.3649333Z [command]/usr/bin/git config --local --unset includeif.gitdir:/home/runner/work/AIagentOS/AIagentOS/.git.path \/home\/runner\/work\/_temp\/git\-credentials\-39db3490\-acdc\-462e\-be55\-a668d5da0fab\.config
2026-10-08T10:13:00.3683887Z [command]/usr/bin/git config --local --get-all includeif.gitdir:/home/runner/work/AIagentOS/AIagentOS/.git/worktrees/*.path
2026-10-08T10:13:00.3703722Z /home/runner/work/_temp/git-credentials-39db3490-acdc-462e-be55-a668d5da0fab.config
2026-10-08T10:13:00.3710237Z [command]/usr/bin/git config --local --unset includeif.gitdir:/home/runner/work/AIagentOS/AIagentOS/.git/worktrees/*.path \/home\/runner\/work\/_temp\/git\-credentials\-39db3490\-acdc\-462e\-be55\-a668d5da0fab\.config
2026-10-08T10:13:00.3738686Z [command]/usr/bin/git config --local --get-all includeif.gitdir:/github/workspace/.git.path
2026-10-08T10:13:00.3756680Z /github/runner_temp/git-credentials-39db3490-acdc-462e-be55-a668d5da0fab.config
2026-10-08T10:13:00.3761898Z [command]/usr/bin/git config --local --unset includeif.gitdir:/github/workspace/.git.path \/github\/runner_temp\/git\-credentials\-39db3490\-acdc\-462e\-be55\-a668d5da0fab\.config
2026-10-08T10:13:00.3789503Z [command]/usr/bin/git config --local --get-all includeif.gitdir:/github/workspace/.git/worktrees/*.path
2026-10-08T10:13:00.3807913Z /github/runner_temp/git-credentials-39db3490-acdc-462e-be55-a668d5da0fab.config
2026-10-08T10:13:00.3814750Z [command]/usr/bin/git config --local --unset includeif.gitdir:/github/workspace/.git/worktrees/*.path \/github\/runner_temp\/git\-credentials\-39db3490\-acdc\-462e\-be55\-a668d5da0fab\.config
2026-10-08T10:13:00.3844200Z [command]/usr/bin/git submodule foreach --recursive git config --local --show-origin --name-only --get-regexp remote.origin.url
2026-10-08T10:13:00.4022716Z Removing credentials config '/home/runner/work/_temp/git-credentials-39db3490-acdc-462e-be55-a668d5da0fab.config'
2026-10-08T10:13:00.4156890Z Cleaning up orphan processes
