2026-10-08T11:44:51.1427217Z Current runner version: '2.337.0'
2026-10-08T11:44:51.1447986Z ##[group]Runner Image Provisioner
2026-10-08T11:44:51.1448749Z Hosted Compute Agent
2026-10-08T11:44:51.1449356Z Version: 20260901.588
2026-10-08T11:44:51.1449881Z Commit: f88ec8081b781fac6c440065ac7ff9e710ce3d0b
2026-10-08T11:44:51.1450499Z Build Date: 2026-09-01T19:56:44Z
2026-10-08T11:44:51.1451135Z Worker ID: {6dae2310-5ce6-48d4-93f7-3c23fed4df69}
2026-10-08T11:44:51.1451728Z Azure Region: westcentralus
2026-10-08T11:44:51.1452257Z ##[endgroup]
2026-10-08T11:44:51.1453795Z ##[group]Operating System
2026-10-08T11:44:51.1454360Z Ubuntu
2026-10-08T11:44:51.1454894Z 24.04.5
2026-10-08T11:44:51.1455312Z LTS
2026-10-08T11:44:51.1455763Z ##[endgroup]
2026-10-08T11:44:51.1456230Z ##[group]Runner Image
2026-10-08T11:44:51.1456763Z Image: ubuntu-24.04
2026-10-08T11:44:51.1457273Z Version: 20260927.320.1
2026-10-08T11:44:51.1458293Z Included Software: https://github.com/actions/runner-images/blob/ubuntu24/20260927.320/images/ubuntu/Ubuntu2404-Readme.md
2026-10-08T11:44:51.1459595Z Image Release: https://github.com/actions/runner-images/releases/tag/ubuntu24%2F20260927.320
2026-10-08T11:44:51.1460417Z ##[endgroup]
2026-10-08T11:44:51.1461358Z ##[group]GITHUB_TOKEN Permissions
2026-10-08T11:44:51.1462853Z Contents: read
2026-10-08T11:44:51.1463561Z Metadata: read
2026-10-08T11:44:51.1464354Z ##[endgroup]
2026-10-08T11:44:51.1466062Z Secret source: Actions
2026-10-08T11:44:51.1466935Z Cache mode: write
2026-10-08T11:44:51.1467499Z Prepare workflow directory
2026-10-08T11:44:51.1778962Z Prepare all required actions
2026-10-08T11:44:51.1817287Z Getting action download info
2026-10-08T11:44:51.4998680Z Download action repository 'actions/checkout@3d3c42e5aac5ba805825da76410c181273ba90b1' (SHA:3d3c42e5aac5ba805825da76410c181273ba90b1)
2026-10-08T11:44:51.6657933Z Download action repository 'dtolnay/rust-toolchain@6c977a6ca4077a0ceb28ffbe03f59d46e9ac8772' (SHA:6c977a6ca4077a0ceb28ffbe03f59d46e9ac8772)
2026-10-08T11:44:51.8657624Z Download action repository 'Swatinem/rust-cache@f0d9c3887740aee45f6153b24b3a6b815192ec16' (SHA:f0d9c3887740aee45f6153b24b3a6b815192ec16)
2026-10-08T11:44:52.5645640Z Download action repository 'actions/upload-artifact@043fb46d1a93c77aae656e7c1c64a875d1fc6a0a' (SHA:043fb46d1a93c77aae656e7c1c64a875d1fc6a0a)
2026-10-08T11:44:53.2201785Z Complete job name: Synthetic 100k context-path fixture
2026-10-08T11:44:53.2830889Z ##[group]Run actions/checkout@3d3c42e5aac5ba805825da76410c181273ba90b1
2026-10-08T11:44:53.2831780Z with:
2026-10-08T11:44:53.2832129Z   repository: surya-koritala/AIagentOS
2026-10-08T11:44:53.2838316Z   token: ***
2026-10-08T11:44:53.2838641Z   ssh-strict: true
2026-10-08T11:44:53.2838981Z   ssh-user: git
2026-10-08T11:44:53.2839328Z   persist-credentials: true
2026-10-08T11:44:53.2839726Z   clean: true
2026-10-08T11:44:53.2840082Z   sparse-checkout-cone-mode: true
2026-10-08T11:44:53.2840523Z   fetch-depth: 1
2026-10-08T11:44:53.2840850Z   fetch-tags: false
2026-10-08T11:44:53.2841204Z   show-progress: true
2026-10-08T11:44:53.2841589Z   lfs: false
2026-10-08T11:44:53.2841907Z   submodules: false
2026-10-08T11:44:53.2842260Z   set-safe-directory: true
2026-10-08T11:44:53.2842686Z   allow-unsafe-pr-checkout: false
2026-10-08T11:44:53.2843296Z env:
2026-10-08T11:44:53.2843746Z   MEMORY_BENCH_MODE: production
2026-10-08T11:44:53.2844178Z   MEMORY_BENCH_ITEMS: 100000
2026-10-08T11:44:53.2844634Z   MEMORY_BENCH_QUERIES: 100
2026-10-08T11:44:53.2845048Z   MEMORY_BENCH_SOAK_SECONDS: 60
2026-10-08T11:44:53.2845450Z ##[endgroup]
2026-10-08T11:44:53.3631548Z Syncing repository: surya-koritala/AIagentOS
2026-10-08T11:44:53.3633090Z ##[group]Getting Git version info
2026-10-08T11:44:53.3633904Z Working directory is '/home/runner/work/AIagentOS/AIagentOS'
2026-10-08T11:44:53.3634959Z [command]/usr/bin/git version
2026-10-08T11:44:53.4531054Z git version 2.55.0
2026-10-08T11:44:53.4547989Z ##[endgroup]
2026-10-08T11:44:53.4557052Z Temporarily overriding HOME='/home/runner/work/_temp/43ee102a-de16-4211-bd87-80a6bd2a3db0' before making global git config changes
2026-10-08T11:44:53.4558824Z Adding repository directory to the temporary git global config as a safe directory
2026-10-08T11:44:53.4561639Z [command]/usr/bin/git config --global --add safe.directory /home/runner/work/AIagentOS/AIagentOS
2026-10-08T11:44:53.4598352Z Deleting the contents of '/home/runner/work/AIagentOS/AIagentOS'
2026-10-08T11:44:53.4601075Z ##[group]Determining repository object format
2026-10-08T11:44:53.4669728Z ##[endgroup]
2026-10-08T11:44:53.4670466Z ##[group]Initializing the repository
2026-10-08T11:44:53.4671233Z [command]/usr/bin/git init /home/runner/work/AIagentOS/AIagentOS
2026-10-08T11:44:53.4674324Z hint: Using 'master' as the name for the initial branch. This default branch name
2026-10-08T11:44:53.4675768Z hint: will change to "main" in Git 3.0. To configure the initial branch name
2026-10-08T11:44:53.4676929Z hint: to use in all of your new repositories, which will suppress this warning,
2026-10-08T11:44:53.4677974Z hint: call:
2026-10-08T11:44:53.4678425Z hint:
2026-10-08T11:44:53.4679066Z hint: 	git config --global init.defaultBranch <name>
2026-10-08T11:44:53.4679830Z hint:
2026-10-08T11:44:53.4680548Z hint: Names commonly chosen instead of 'master' are 'main', 'trunk' and
2026-10-08T11:44:53.4681913Z hint: 'development'. The just-created branch can be renamed via this command:
2026-10-08T11:44:53.4682934Z hint:
2026-10-08T11:44:53.4683342Z hint: 	git branch -m <name>
2026-10-08T11:44:53.4684034Z hint:
2026-10-08T11:44:53.4684873Z hint: Disable this message with "git config set advice.defaultBranchName false"
2026-10-08T11:44:53.4686441Z Initialized empty Git repository in /home/runner/work/AIagentOS/AIagentOS/.git/
2026-10-08T11:44:53.4688821Z [command]/usr/bin/git remote add origin https://github.com/surya-koritala/AIagentOS
2026-10-08T11:44:53.4723823Z ##[endgroup]
2026-10-08T11:44:53.4724800Z ##[group]Disabling automatic garbage collection
2026-10-08T11:44:53.4726923Z [command]/usr/bin/git config --local gc.auto 0
2026-10-08T11:44:53.4752109Z ##[endgroup]
2026-10-08T11:44:53.4752996Z ##[group]Setting up auth
2026-10-08T11:44:53.4753860Z Removing SSH command configuration
2026-10-08T11:44:53.4757667Z [command]/usr/bin/git config --local --name-only --get-regexp core\.sshCommand
2026-10-08T11:44:53.4783959Z [command]/usr/bin/git submodule foreach --recursive sh -c "git config --local --name-only --get-regexp 'core\.sshCommand' && git config --local --unset-all 'core.sshCommand' || :"
2026-10-08T11:44:53.5505326Z Removing HTTP extra header
2026-10-08T11:44:53.5510183Z [command]/usr/bin/git config --local --name-only --get-regexp http\.https\:\/\/github\.com\/\.extraheader
2026-10-08T11:44:53.5536057Z [command]/usr/bin/git submodule foreach --recursive sh -c "git config --local --name-only --get-regexp 'http\.https\:\/\/github\.com\/\.extraheader' && git config --local --unset-all 'http.https://github.com/.extraheader' || :"
2026-10-08T11:44:53.5712465Z Removing includeIf entries pointing to credentials config files
2026-10-08T11:44:53.5716765Z [command]/usr/bin/git config --local --name-only --get-regexp ^includeIf\.gitdir:
2026-10-08T11:44:53.5741076Z [command]/usr/bin/git submodule foreach --recursive git config --local --show-origin --name-only --get-regexp remote.origin.url
2026-10-08T11:44:53.5921665Z [command]/usr/bin/git config --file /home/runner/work/_temp/git-credentials-efb4a57c-a316-4e15-9216-7c00ba59ba5d.config http.https://github.com/.extraheader AUTHORIZATION: basic ***
2026-10-08T11:44:53.5949783Z [command]/usr/bin/git config --local includeIf.gitdir:/home/runner/work/AIagentOS/AIagentOS/.git.path /home/runner/work/_temp/git-credentials-efb4a57c-a316-4e15-9216-7c00ba59ba5d.config
2026-10-08T11:44:53.5976089Z [command]/usr/bin/git config --local includeIf.gitdir:/home/runner/work/AIagentOS/AIagentOS/.git/worktrees/*.path /home/runner/work/_temp/git-credentials-efb4a57c-a316-4e15-9216-7c00ba59ba5d.config
2026-10-08T11:44:53.6005401Z [command]/usr/bin/git config --local includeIf.gitdir:/github/workspace/.git.path /github/runner_temp/git-credentials-efb4a57c-a316-4e15-9216-7c00ba59ba5d.config
2026-10-08T11:44:53.6043915Z [command]/usr/bin/git config --local includeIf.gitdir:/github/workspace/.git/worktrees/*.path /github/runner_temp/git-credentials-efb4a57c-a316-4e15-9216-7c00ba59ba5d.config
2026-10-08T11:44:53.6067131Z ##[endgroup]
2026-10-08T11:44:53.6068125Z ##[group]Fetching the repository
2026-10-08T11:44:53.6072996Z [command]/usr/bin/git -c protocol.version=2 fetch --no-tags --prune --no-recurse-submodules --depth=1 origin +35bc5ad0c2b4f85e25bb26dbf362de3dee139927:refs/remotes/pull/406/merge
2026-10-08T11:44:54.9807297Z From https://github.com/surya-koritala/AIagentOS
2026-10-08T11:44:54.9808117Z  * [new ref]         35bc5ad0c2b4f85e25bb26dbf362de3dee139927 -> pull/406/merge
2026-10-08T11:44:54.9815623Z ##[endgroup]
2026-10-08T11:44:54.9816422Z ##[group]Determining the checkout info
2026-10-08T11:44:54.9816787Z ##[endgroup]
2026-10-08T11:44:54.9817214Z [command]/usr/bin/git sparse-checkout disable
2026-10-08T11:44:54.9861855Z [command]/usr/bin/git config --local --unset-all extensions.worktreeConfig
2026-10-08T11:44:54.9887561Z ##[group]Checking out the ref
2026-10-08T11:44:54.9894817Z [command]/usr/bin/git checkout --progress --force refs/remotes/pull/406/merge
2026-10-08T11:44:55.0356163Z Note: switching to 'refs/remotes/pull/406/merge'.
2026-10-08T11:44:55.0356518Z 
2026-10-08T11:44:55.0356837Z You are in 'detached HEAD' state. You can look around, make experimental
2026-10-08T11:44:55.0357435Z changes and commit them, and you can discard any commits you make in this
2026-10-08T11:44:55.0358012Z state without impacting any branches by switching back to a branch.
2026-10-08T11:44:55.0358367Z 
2026-10-08T11:44:55.0358639Z If you want to create a new branch to retain commits you create, you may
2026-10-08T11:44:55.0359140Z do so (now or later) by using -c with the switch command. Example:
2026-10-08T11:44:55.0359377Z 
2026-10-08T11:44:55.0359478Z   git switch -c <new-branch-name>
2026-10-08T11:44:55.0359614Z 
2026-10-08T11:44:55.0359712Z Or undo this operation with:
2026-10-08T11:44:55.0359854Z 
2026-10-08T11:44:55.0359939Z   git switch -
2026-10-08T11:44:55.0360051Z 
2026-10-08T11:44:55.0360233Z Turn off this advice by setting config variable advice.detachedHead to false
2026-10-08T11:44:55.0360473Z 
2026-10-08T11:44:55.0360953Z HEAD is now at 35bc5ad Merge 4afe08b12b410df9c298d07776188e9a17e1406c into 9aeaaee1923836ea7bf1b9344f794ff718f1b9ee
2026-10-08T11:44:55.0375830Z ##[endgroup]
2026-10-08T11:44:55.0406752Z [command]/usr/bin/git log -1 --format=%H
2026-10-08T11:44:55.0436019Z 35bc5ad0c2b4f85e25bb26dbf362de3dee139927
2026-10-08T11:44:55.0719275Z ##[group]Run dtolnay/rust-toolchain@6c977a6ca4077a0ceb28ffbe03f59d46e9ac8772
2026-10-08T11:44:55.0719608Z with:
2026-10-08T11:44:55.0719773Z   toolchain: 1.97.1
2026-10-08T11:44:55.0719955Z env:
2026-10-08T11:44:55.0720121Z   MEMORY_BENCH_MODE: production
2026-10-08T11:44:55.0720327Z   MEMORY_BENCH_ITEMS: 100000
2026-10-08T11:44:55.0720521Z   MEMORY_BENCH_QUERIES: 100
2026-10-08T11:44:55.0720736Z   MEMORY_BENCH_SOAK_SECONDS: 60
2026-10-08T11:44:55.0720941Z ##[endgroup]
2026-10-08T11:44:55.0772779Z ##[start-action display=Parse toolchain version;id=__dtolnay_rust-toolchain.parse]
2026-10-08T11:44:55.0823150Z ##[group]Run if [[ -z $toolchain ]]; then
2026-10-08T11:44:55.0823471Z [36;1mif [[ -z $toolchain ]]; then[0m
2026-10-08T11:44:55.0824059Z [36;1m  # GitHub does not enforce `required: true` inputs itself. https://github.com/actions/runner/issues/1070[0m
2026-10-08T11:44:55.0824501Z [36;1m  echo "'toolchain' is a required input" >&2[0m
2026-10-08T11:44:55.0824779Z [36;1m  exit 1[0m
2026-10-08T11:44:55.0825050Z [36;1melif [[ $toolchain =~ ^stable' '[0-9]+' '(year|month|week|day)s?' 'ago$ ]]; then[0m
2026-10-08T11:44:55.0825393Z [36;1m  if [[ Linux == macOS ]]; then[0m
2026-10-08T11:44:55.0825805Z [36;1m    echo "toolchain=1.$((($(date -v-$(sed 's/stable \([0-9]*\) \(.\).*/\1\2/' <<< $toolchain) +%s)/60/60/24-16569)/7/6))" >> $GITHUB_OUTPUT[0m
2026-10-08T11:44:55.0826195Z [36;1m  else[0m
2026-10-08T11:44:55.0826681Z [36;1m    echo "toolchain=1.$((($(date --date "${toolchain#stable }" +%s)/60/60/24-16569)/7/6))" >> $GITHUB_OUTPUT[0m
2026-10-08T11:44:55.0827034Z [36;1m  fi[0m
2026-10-08T11:44:55.0827277Z [36;1melif [[ $toolchain =~ ^stable' 'minus' '[0-9]+' 'releases?$ ]]; then[0m
2026-10-08T11:44:55.0827681Z [36;1m  echo "toolchain=1.$((($(date +%s)/60/60/24-16569)/7/6-${toolchain//[^0-9]/}))" >> $GITHUB_OUTPUT[0m
2026-10-08T11:44:55.0828030Z [36;1melif [[ $toolchain =~ ^1\.[0-9]+$ ]]; then[0m
2026-10-08T11:44:55.0828428Z [36;1m  echo "toolchain=1.$((i=${toolchain#1.}, c=($(date +%s)/60/60/24-16569)/7/6, i+9*i*(10*i<=c)+90*i*(100*i<=c)))" >> $GITHUB_OUTPUT[0m
2026-10-08T11:44:55.0828797Z [36;1melse[0m
2026-10-08T11:44:55.0828993Z [36;1m  echo "toolchain=$toolchain" >> $GITHUB_OUTPUT[0m
2026-10-08T11:44:55.0829228Z [36;1mfi[0m
2026-10-08T11:44:55.1024859Z shell: /usr/bin/bash --noprofile --norc -e -o pipefail {0}
2026-10-08T11:44:55.1025155Z env:
2026-10-08T11:44:55.1025322Z   MEMORY_BENCH_MODE: production
2026-10-08T11:44:55.1025555Z   MEMORY_BENCH_ITEMS: 100000
2026-10-08T11:44:55.1025756Z   MEMORY_BENCH_QUERIES: 100
2026-10-08T11:44:55.1025952Z   MEMORY_BENCH_SOAK_SECONDS: 60
2026-10-08T11:44:55.1026155Z   toolchain: 1.97.1
2026-10-08T11:44:55.1026322Z ##[endgroup]
2026-10-08T11:44:55.1139065Z ##[end-action id=__dtolnay_rust-toolchain.parse;outcome=success;conclusion=success;duration_ms=36]
2026-10-08T11:44:55.1148693Z ##[start-action display=Construct rustup command line;id=__dtolnay_rust-toolchain.flags]
2026-10-08T11:44:55.1178994Z ##[group]Run echo "targets=$(for t in ${targets//,/ }; do echo -n ' --target' $t; done)" >> $GITHUB_OUTPUT
2026-10-08T11:44:55.1179517Z [36;1mecho "targets=$(for t in ${targets//,/ }; do echo -n ' --target' $t; done)" >> $GITHUB_OUTPUT[0m
2026-10-08T11:44:55.1180041Z [36;1mecho "components=$(for c in ${components//,/ }; do echo -n ' --component' $c; done)" >> $GITHUB_OUTPUT[0m
2026-10-08T11:44:55.1180424Z [36;1mecho "downgrade=" >> $GITHUB_OUTPUT[0m
2026-10-08T11:44:55.1228073Z shell: /usr/bin/bash --noprofile --norc -e -o pipefail {0}
2026-10-08T11:44:55.1228387Z env:
2026-10-08T11:44:55.1228567Z   MEMORY_BENCH_MODE: production
2026-10-08T11:44:55.1228796Z   MEMORY_BENCH_ITEMS: 100000
2026-10-08T11:44:55.1228998Z   MEMORY_BENCH_QUERIES: 100
2026-10-08T11:44:55.1229191Z   MEMORY_BENCH_SOAK_SECONDS: 60
2026-10-08T11:44:55.1229379Z   targets: 
2026-10-08T11:44:55.1229538Z   components: 
2026-10-08T11:44:55.1229702Z ##[endgroup]
2026-10-08T11:44:55.1306459Z ##[end-action id=__dtolnay_rust-toolchain.flags;outcome=success;conclusion=success;duration_ms=15]
2026-10-08T11:44:55.1308277Z ##[start-action display=Set $CARGO_HOME;id=__dtolnay_rust-toolchain.__run]
2026-10-08T11:44:55.1330196Z ##[group]Run echo CARGO_HOME=${CARGO_HOME:-"$HOME/.cargo"} >> $GITHUB_ENV
2026-10-08T11:44:55.1330576Z [36;1mecho CARGO_HOME=${CARGO_HOME:-"$HOME/.cargo"} >> $GITHUB_ENV[0m
2026-10-08T11:44:55.1377109Z shell: /usr/bin/bash --noprofile --norc -e -o pipefail {0}
2026-10-08T11:44:55.1377402Z env:
2026-10-08T11:44:55.1377589Z   MEMORY_BENCH_MODE: production
2026-10-08T11:44:55.1377798Z   MEMORY_BENCH_ITEMS: 100000
2026-10-08T11:44:55.1377994Z   MEMORY_BENCH_QUERIES: 100
2026-10-08T11:44:55.1378189Z   MEMORY_BENCH_SOAK_SECONDS: 60
2026-10-08T11:44:55.1378397Z ##[endgroup]
2026-10-08T11:44:55.1448766Z ##[end-action id=__dtolnay_rust-toolchain.__run;outcome=success;conclusion=success;duration_ms=13]
2026-10-08T11:44:55.1450530Z ##[start-action display=Install rustup if needed;id=__dtolnay_rust-toolchain.__run_2]
2026-10-08T11:44:55.1512318Z ##[group]Run if ! command -v rustup &>/dev/null; then
2026-10-08T11:44:55.1512620Z [36;1mif ! command -v rustup &>/dev/null; then[0m
2026-10-08T11:44:55.1513224Z [36;1m  curl --proto '=https' --tlsv1.2 --retry 10 --retry-connrefused --location --silent --show-error --fail https://sh.rustup.rs | sh -s -- --default-toolchain none -y[0m
2026-10-08T11:44:55.1513942Z [36;1m  echo "$CARGO_HOME/bin" >> $GITHUB_PATH[0m
2026-10-08T11:44:55.1514177Z [36;1mfi[0m
2026-10-08T11:44:55.1560884Z shell: /usr/bin/bash --noprofile --norc -e -o pipefail {0}
2026-10-08T11:44:55.1561159Z env:
2026-10-08T11:44:55.1561333Z   MEMORY_BENCH_MODE: production
2026-10-08T11:44:55.1561548Z   MEMORY_BENCH_ITEMS: 100000
2026-10-08T11:44:55.1561748Z   MEMORY_BENCH_QUERIES: 100
2026-10-08T11:44:55.1561939Z   MEMORY_BENCH_SOAK_SECONDS: 60
2026-10-08T11:44:55.1562139Z   CARGO_HOME: /home/runner/.cargo
2026-10-08T11:44:55.1562341Z ##[endgroup]
2026-10-08T11:44:55.1629864Z ##[end-action id=__dtolnay_rust-toolchain.__run_2;outcome=success;conclusion=success;duration_ms=17]
2026-10-08T11:44:55.1631745Z ##[start-action display=Install rustup if needed on windows;id=__dtolnay_rust-toolchain.__run_3]
2026-10-08T11:44:55.1637450Z ##[end-action id=__dtolnay_rust-toolchain.__run_3;outcome=skipped;conclusion=skipped;duration_ms=0]
2026-10-08T11:44:55.1645538Z ##[start-action display=rustup toolchain install 1.97.1;id=__dtolnay_rust-toolchain.__run_4]
2026-10-08T11:44:55.1667510Z ##[group]Run rustup toolchain install 1.97.1 --profile minimal --no-self-update
2026-10-08T11:44:55.1667950Z [36;1mrustup toolchain install 1.97.1 --profile minimal --no-self-update[0m
2026-10-08T11:44:55.1735987Z shell: /usr/bin/bash --noprofile --norc -e -o pipefail {0}
2026-10-08T11:44:55.1736267Z env:
2026-10-08T11:44:55.1736434Z   MEMORY_BENCH_MODE: production
2026-10-08T11:44:55.1736643Z   MEMORY_BENCH_ITEMS: 100000
2026-10-08T11:44:55.1736837Z   MEMORY_BENCH_QUERIES: 100
2026-10-08T11:44:55.1737037Z   MEMORY_BENCH_SOAK_SECONDS: 60
2026-10-08T11:44:55.1737245Z   CARGO_HOME: /home/runner/.cargo
2026-10-08T11:44:55.1737451Z   RUSTUP_PERMIT_COPY_RENAME: 1
2026-10-08T11:44:55.1737641Z ##[endgroup]
2026-10-08T11:44:55.3330390Z info: syncing channel updates for 1.97.1-x86_64-unknown-linux-gnu
2026-10-08T11:44:55.8322246Z info: latest update on 2026-07-16 for version 1.97.1 (8bab26f4f 2026-07-14)
2026-10-08T11:44:55.8322615Z info: downloading 3 components
2026-10-08T11:45:02.4340650Z 
2026-10-08T11:45:02.4404883Z   1.97.1-x86_64-unknown-linux-gnu installed - rustc 1.97.1 (8bab26f4f 2026-07-14)
2026-10-08T11:45:02.4405259Z 
2026-10-08T11:45:02.4450620Z ##[end-action id=__dtolnay_rust-toolchain.__run_4;outcome=success;conclusion=success;duration_ms=7280]
2026-10-08T11:45:02.4457076Z ##[start-action display=rustup default 1.97.1;id=__dtolnay_rust-toolchain.__run_5]
2026-10-08T11:45:02.4475749Z ##[group]Run rustup default 1.97.1
2026-10-08T11:45:02.4476002Z [36;1mrustup default 1.97.1[0m
2026-10-08T11:45:02.4531225Z shell: /usr/bin/bash --noprofile --norc -e -o pipefail {0}
2026-10-08T11:45:02.4531699Z env:
2026-10-08T11:45:02.4531876Z   MEMORY_BENCH_MODE: production
2026-10-08T11:45:02.4532087Z   MEMORY_BENCH_ITEMS: 100000
2026-10-08T11:45:02.4532282Z   MEMORY_BENCH_QUERIES: 100
2026-10-08T11:45:02.4532477Z   MEMORY_BENCH_SOAK_SECONDS: 60
2026-10-08T11:45:02.4532683Z   CARGO_HOME: /home/runner/.cargo
2026-10-08T11:45:02.4532886Z ##[endgroup]
2026-10-08T11:45:02.4642012Z info: using existing install for 1.97.1-x86_64-unknown-linux-gnu
2026-10-08T11:45:02.4648324Z info: default toolchain set to 1.97.1-x86_64-unknown-linux-gnu
2026-10-08T11:45:02.4648562Z 
2026-10-08T11:45:02.4709503Z   1.97.1-x86_64-unknown-linux-gnu unchanged - rustc 1.97.1 (8bab26f4f 2026-07-14)
2026-10-08T11:45:02.4709894Z 
2026-10-08T11:45:02.4713183Z info: note that the toolchain '1.97.1-x86_64-unknown-linux-gnu' is currently in use (overridden by '/home/runner/work/AIagentOS/AIagentOS/rust-toolchain.toml')
2026-10-08T11:45:02.4725844Z ##[end-action id=__dtolnay_rust-toolchain.__run_5;outcome=success;conclusion=success;duration_ms=26]
2026-10-08T11:45:02.4728123Z ##[start-action display=Create cachekey;id=__dtolnay_rust-toolchain.rustc-version]
2026-10-08T11:45:02.4747027Z ##[group]Run DATE=$(rustc +1.97.1 --version --verbose | sed -ne 's/^commit-date: \(20[0-9][0-9]\)-\([01][0-9]\)-\([0-3][0-9]\)$/\1\2\3/p')
2026-10-08T11:45:02.4747680Z [36;1mDATE=$(rustc +1.97.1 --version --verbose | sed -ne 's/^commit-date: \(20[0-9][0-9]\)-\([01][0-9]\)-\([0-3][0-9]\)$/\1\2\3/p')[0m
2026-10-08T11:45:02.4748293Z [36;1mHASH=$(rustc +1.97.1 --version --verbose | sed -ne 's/^commit-hash: //p')[0m
2026-10-08T11:45:02.4748682Z [36;1mecho "cachekey=$(echo $DATE$HASH | head -c12)" >> $GITHUB_OUTPUT[0m
2026-10-08T11:45:02.4802335Z shell: /usr/bin/bash --noprofile --norc -e -o pipefail {0}
2026-10-08T11:45:02.4802606Z env:
2026-10-08T11:45:02.4802771Z   MEMORY_BENCH_MODE: production
2026-10-08T11:45:02.4802984Z   MEMORY_BENCH_ITEMS: 100000
2026-10-08T11:45:02.4803176Z   MEMORY_BENCH_QUERIES: 100
2026-10-08T11:45:02.4803380Z   MEMORY_BENCH_SOAK_SECONDS: 60
2026-10-08T11:45:02.4803729Z   CARGO_HOME: /home/runner/.cargo
2026-10-08T11:45:02.4803952Z ##[endgroup]
2026-10-08T11:45:02.5097593Z ##[end-action id=__dtolnay_rust-toolchain.rustc-version;outcome=success;conclusion=success;duration_ms=36]
2026-10-08T11:45:02.5099862Z ##[start-action display=Disable incremental compilation;id=__dtolnay_rust-toolchain.__run_6]
2026-10-08T11:45:02.5117519Z ##[group]Run if [ -z "${CARGO_INCREMENTAL+set}" ]; then
2026-10-08T11:45:02.5117861Z [36;1mif [ -z "${CARGO_INCREMENTAL+set}" ]; then[0m
2026-10-08T11:45:02.5118123Z [36;1m  echo CARGO_INCREMENTAL=0 >> $GITHUB_ENV[0m
2026-10-08T11:45:02.5118357Z [36;1mfi[0m
2026-10-08T11:45:02.5173443Z shell: /usr/bin/bash --noprofile --norc -e -o pipefail {0}
2026-10-08T11:45:02.5173887Z env:
2026-10-08T11:45:02.5174057Z   MEMORY_BENCH_MODE: production
2026-10-08T11:45:02.5174265Z   MEMORY_BENCH_ITEMS: 100000
2026-10-08T11:45:02.5174462Z   MEMORY_BENCH_QUERIES: 100
2026-10-08T11:45:02.5174653Z   MEMORY_BENCH_SOAK_SECONDS: 60
2026-10-08T11:45:02.5174871Z   CARGO_HOME: /home/runner/.cargo
2026-10-08T11:45:02.5175076Z ##[endgroup]
2026-10-08T11:45:02.5248211Z ##[end-action id=__dtolnay_rust-toolchain.__run_6;outcome=success;conclusion=success;duration_ms=14]
2026-10-08T11:45:02.5249939Z ##[start-action display=Enable colors in Cargo output;id=__dtolnay_rust-toolchain.__run_7]
2026-10-08T11:45:02.5266662Z ##[group]Run if [ -z "${CARGO_TERM_COLOR+set}" ]; then
2026-10-08T11:45:02.5266962Z [36;1mif [ -z "${CARGO_TERM_COLOR+set}" ]; then[0m
2026-10-08T11:45:02.5267230Z [36;1m  echo CARGO_TERM_COLOR=always >> $GITHUB_ENV[0m
2026-10-08T11:45:02.5267469Z [36;1mfi[0m
2026-10-08T11:45:02.5316331Z shell: /usr/bin/bash --noprofile --norc -e -o pipefail {0}
2026-10-08T11:45:02.5316604Z env:
2026-10-08T11:45:02.5316772Z   MEMORY_BENCH_MODE: production
2026-10-08T11:45:02.5316982Z   MEMORY_BENCH_ITEMS: 100000
2026-10-08T11:45:02.5317173Z   MEMORY_BENCH_QUERIES: 100
2026-10-08T11:45:02.5317368Z   MEMORY_BENCH_SOAK_SECONDS: 60
2026-10-08T11:45:02.5317730Z   CARGO_HOME: /home/runner/.cargo
2026-10-08T11:45:02.5317935Z   CARGO_INCREMENTAL: 0
2026-10-08T11:45:02.5318111Z ##[endgroup]
2026-10-08T11:45:02.5388852Z ##[end-action id=__dtolnay_rust-toolchain.__run_7;outcome=success;conclusion=success;duration_ms=13]
2026-10-08T11:45:02.5390641Z ##[start-action display=Enable Cargo sparse registry;id=__dtolnay_rust-toolchain.__run_8]
2026-10-08T11:45:02.5408085Z ##[group]Run # implemented in 1.66, stabilized in 1.68, made default in 1.70
2026-10-08T11:45:02.5408509Z [36;1m# implemented in 1.66, stabilized in 1.68, made default in 1.70[0m
2026-10-08T11:45:02.5409071Z [36;1mif [ -z "${CARGO_REGISTRIES_CRATES_IO_PROTOCOL+set}" -o -f "/home/runner/work/_temp"/.implicit_cargo_registries_crates_io_protocol ]; then[0m
2026-10-08T11:45:02.5409625Z [36;1m  if rustc +1.97.1 --version --verbose | grep -q '^release: 1\.6[89]\.'; then[0m
2026-10-08T11:45:02.5410111Z [36;1m    touch "/home/runner/work/_temp"/.implicit_cargo_registries_crates_io_protocol || true[0m
2026-10-08T11:45:02.5410530Z [36;1m    echo CARGO_REGISTRIES_CRATES_IO_PROTOCOL=sparse >> $GITHUB_ENV[0m
2026-10-08T11:45:02.5410906Z [36;1m  elif rustc +1.97.1 --version --verbose | grep -q '^release: 1\.6[67]\.'; then[0m
2026-10-08T11:45:02.5411333Z [36;1m    touch "/home/runner/work/_temp"/.implicit_cargo_registries_crates_io_protocol || true[0m
2026-10-08T11:45:02.5411730Z [36;1m    echo CARGO_REGISTRIES_CRATES_IO_PROTOCOL=git >> $GITHUB_ENV[0m
2026-10-08T11:45:02.5412154Z [36;1m  fi[0m
2026-10-08T11:45:02.5412315Z [36;1mfi[0m
2026-10-08T11:45:02.5460204Z shell: /usr/bin/bash --noprofile --norc -e -o pipefail {0}
2026-10-08T11:45:02.5460480Z env:
2026-10-08T11:45:02.5460660Z   MEMORY_BENCH_MODE: production
2026-10-08T11:45:02.5460872Z   MEMORY_BENCH_ITEMS: 100000
2026-10-08T11:45:02.5461064Z   MEMORY_BENCH_QUERIES: 100
2026-10-08T11:45:02.5461252Z   MEMORY_BENCH_SOAK_SECONDS: 60
2026-10-08T11:45:02.5461449Z   CARGO_HOME: /home/runner/.cargo
2026-10-08T11:45:02.5461661Z   CARGO_INCREMENTAL: 0
2026-10-08T11:45:02.5461840Z   CARGO_TERM_COLOR: always
2026-10-08T11:45:02.5462023Z ##[endgroup]
2026-10-08T11:45:02.5733334Z ##[end-action id=__dtolnay_rust-toolchain.__run_8;outcome=success;conclusion=success;duration_ms=34]
2026-10-08T11:45:02.5735961Z ##[start-action display=Work around spurious network errors in curl 8.0;id=__dtolnay_rust-toolchain.__run_9]
2026-10-08T11:45:02.5755371Z ##[group]Run # https://rust-lang.zulipchat.com/#narrow/stream/246057-t-cargo/topic/timeout.20investigation
2026-10-08T11:45:02.5756000Z [36;1m# https://rust-lang.zulipchat.com/#narrow/stream/246057-t-cargo/topic/timeout.20investigation[0m
2026-10-08T11:45:02.5756488Z [36;1mif rustc +1.97.1 --version --verbose | grep -q '^release: 1\.7[01]\.'; then[0m
2026-10-08T11:45:02.5756864Z [36;1m  echo CARGO_HTTP_MULTIPLEXING=false >> $GITHUB_ENV[0m
2026-10-08T11:45:02.5757123Z [36;1mfi[0m
2026-10-08T11:45:02.5811453Z shell: /usr/bin/bash --noprofile --norc -e -o pipefail {0}
2026-10-08T11:45:02.5811733Z env:
2026-10-08T11:45:02.5811918Z   MEMORY_BENCH_MODE: production
2026-10-08T11:45:02.5812130Z   MEMORY_BENCH_ITEMS: 100000
2026-10-08T11:45:02.5812325Z   MEMORY_BENCH_QUERIES: 100
2026-10-08T11:45:02.5812513Z   MEMORY_BENCH_SOAK_SECONDS: 60
2026-10-08T11:45:02.5812717Z   CARGO_HOME: /home/runner/.cargo
2026-10-08T11:45:02.5812915Z   CARGO_INCREMENTAL: 0
2026-10-08T11:45:02.5813093Z   CARGO_TERM_COLOR: always
2026-10-08T11:45:02.5813270Z ##[endgroup]
2026-10-08T11:45:02.5991799Z ##[end-action id=__dtolnay_rust-toolchain.__run_9;outcome=success;conclusion=success;duration_ms=25]
2026-10-08T11:45:02.5995672Z ##[start-action display=rustc +1.97.1 --version --verbose;id=__dtolnay_rust-toolchain.__run_10]
2026-10-08T11:45:02.6013260Z ##[group]Run rustc +1.97.1 --version --verbose
2026-10-08T11:45:02.6013538Z [36;1mrustc +1.97.1 --version --verbose[0m
2026-10-08T11:45:02.6066432Z shell: /usr/bin/bash --noprofile --norc -e -o pipefail {0}
2026-10-08T11:45:02.6066709Z env:
2026-10-08T11:45:02.6066883Z   MEMORY_BENCH_MODE: production
2026-10-08T11:45:02.6067253Z   MEMORY_BENCH_ITEMS: 100000
2026-10-08T11:45:02.6067450Z   MEMORY_BENCH_QUERIES: 100
2026-10-08T11:45:02.6067636Z   MEMORY_BENCH_SOAK_SECONDS: 60
2026-10-08T11:45:02.6067836Z   CARGO_HOME: /home/runner/.cargo
2026-10-08T11:45:02.6068031Z   CARGO_INCREMENTAL: 0
2026-10-08T11:45:02.6068216Z   CARGO_TERM_COLOR: always
2026-10-08T11:45:02.6068400Z ##[endgroup]
2026-10-08T11:45:02.6230467Z rustc 1.97.1 (8bab26f4f 2026-07-14)
2026-10-08T11:45:02.6230914Z binary: rustc
2026-10-08T11:45:02.6231225Z commit-hash: 8bab26f4f68e0e26f0bb7960be334d5b520ea452
2026-10-08T11:45:02.6231583Z commit-date: 2026-07-14
2026-10-08T11:45:02.6231855Z host: x86_64-unknown-linux-gnu
2026-10-08T11:45:02.6232126Z release: 1.97.1
2026-10-08T11:45:02.6232383Z LLVM version: 22.1.6
2026-10-08T11:45:02.6245212Z ##[end-action id=__dtolnay_rust-toolchain.__run_10;outcome=success;conclusion=success;duration_ms=24]
2026-10-08T11:45:02.6366312Z ##[group]Run Swatinem/rust-cache@f0d9c3887740aee45f6153b24b3a6b815192ec16
2026-10-08T11:45:02.6366615Z with:
2026-10-08T11:45:02.6366779Z   save-if: false
2026-10-08T11:45:02.6366953Z   prefix-key: v0-rust
2026-10-08T11:45:02.6367135Z   add-job-id-key: true
2026-10-08T11:45:02.6367331Z   add-rust-environment-hash-key: true
2026-10-08T11:45:02.6367551Z   cache-targets: true
2026-10-08T11:45:02.6367723Z   cache-all-crates: false
2026-10-08T11:45:02.6367919Z   cache-workspace-crates: false
2026-10-08T11:45:02.6368122Z   cache-provider: github
2026-10-08T11:45:02.6368446Z   cache-bin: true
2026-10-08T11:45:02.6368608Z   lookup-only: false
2026-10-08T11:45:02.6368801Z   cmd-format: {0}
2026-10-08T11:45:02.6368961Z env:
2026-10-08T11:45:02.6369121Z   MEMORY_BENCH_MODE: production
2026-10-08T11:45:02.6369314Z   MEMORY_BENCH_ITEMS: 100000
2026-10-08T11:45:02.6369506Z   MEMORY_BENCH_QUERIES: 100
2026-10-08T11:45:02.6369692Z   MEMORY_BENCH_SOAK_SECONDS: 60
2026-10-08T11:45:02.6369914Z   CARGO_HOME: /home/runner/.cargo
2026-10-08T11:45:02.6370114Z   CARGO_INCREMENTAL: 0
2026-10-08T11:45:02.6370287Z   CARGO_TERM_COLOR: always
2026-10-08T11:45:02.6370462Z ##[endgroup]
2026-10-08T11:45:06.6554263Z ##[group]Cache Configuration
2026-10-08T11:45:06.6554713Z Cache Provider:
2026-10-08T11:45:06.6554939Z     github
2026-10-08T11:45:06.6555153Z Workspaces:
2026-10-08T11:45:06.6555389Z     /home/runner/work/AIagentOS/AIagentOS
2026-10-08T11:45:06.6555696Z Cache Paths:
2026-10-08T11:45:06.6555933Z     /home/runner/.cargo/bin
2026-10-08T11:45:06.6556263Z     /home/runner/.cargo/.crates.toml
2026-10-08T11:45:06.6556593Z     /home/runner/.cargo/.crates2.json
2026-10-08T11:45:06.6556906Z     /home/runner/.cargo/registry
2026-10-08T11:45:06.6557198Z     /home/runner/.cargo/git
2026-10-08T11:45:06.6557514Z     /home/runner/work/AIagentOS/AIagentOS/target
2026-10-08T11:45:06.6557828Z Restore Key:
2026-10-08T11:45:06.6558145Z     v0-rust-context-scale-Linux-x64-7f7ca0a9
2026-10-08T11:45:06.6558475Z Cache Key:
2026-10-08T11:45:06.6558809Z     v0-rust-context-scale-Linux-x64-7f7ca0a9-83d3e4de
2026-10-08T11:45:06.6559181Z .. Prefix:
2026-10-08T11:45:06.6559439Z   - v0-rust-context-scale-Linux-x64
2026-10-08T11:45:06.6559748Z .. Environment considered:
2026-10-08T11:45:06.6560012Z   - Rust Versions:
2026-10-08T11:45:06.6560401Z     - 1.97.1 x86_64-unknown-linux-gnu 8bab26f4f68e0e26f0bb7960be334d5b520ea452
2026-10-08T11:45:06.6560969Z     - 1.98.1 x86_64-unknown-linux-gnu 48a229ceaefd4985c50990b14116b6d856af0985
2026-10-08T11:45:06.6561392Z   - CARGO_HOME
2026-10-08T11:45:06.6561644Z   - CARGO_INCREMENTAL
2026-10-08T11:45:06.6561894Z   - CARGO_TERM_COLOR
2026-10-08T11:45:06.6562154Z .. Lockfiles considered:
2026-10-08T11:45:06.6562511Z   - /home/runner/work/AIagentOS/AIagentOS/benchmarks/Cargo.toml
2026-10-08T11:45:06.6562966Z   - /home/runner/work/AIagentOS/AIagentOS/Cargo.lock
2026-10-08T11:45:06.6563437Z   - /home/runner/work/AIagentOS/AIagentOS/crates/adapters/Cargo.toml
2026-10-08T11:45:06.6564145Z   - /home/runner/work/AIagentOS/AIagentOS/crates/cli/Cargo.toml
2026-10-08T11:45:06.6564648Z   - /home/runner/work/AIagentOS/AIagentOS/crates/kernel/Cargo.toml
2026-10-08T11:45:06.6565177Z   - /home/runner/work/AIagentOS/AIagentOS/crates/resources/Cargo.toml
2026-10-08T11:45:06.6565689Z   - /home/runner/work/AIagentOS/AIagentOS/crates/sdk/Cargo.toml
2026-10-08T11:45:06.6566194Z   - /home/runner/work/AIagentOS/AIagentOS/crates/tauri-app/Cargo.toml
2026-10-08T11:45:06.6566693Z   - /home/runner/work/AIagentOS/AIagentOS/crates/tui/Cargo.toml
2026-10-08T11:45:06.6567166Z   - /home/runner/work/AIagentOS/AIagentOS/examples/Cargo.toml
2026-10-08T11:45:06.6567637Z   - /home/runner/work/AIagentOS/AIagentOS/rust-toolchain.toml
2026-10-08T11:45:06.6568105Z   - /home/runner/work/AIagentOS/AIagentOS/tests/Cargo.toml
2026-10-08T11:45:06.6568732Z ##[endgroup]
2026-10-08T11:45:06.6568881Z 
2026-10-08T11:45:06.6568982Z ... Restoring cache ...
2026-10-08T11:45:06.8178872Z No cache found.
2026-10-08T11:45:06.8269345Z ##[group]Run mkdir -p target/qualification
2026-10-08T11:45:06.8269642Z [36;1mmkdir -p target/qualification[0m
2026-10-08T11:45:06.8269935Z [36;1mgit rev-parse HEAD > target/qualification/memory-source.txt[0m
2026-10-08T11:45:06.8270309Z [36;1mcargo run -p os-benchmark --bin memory-qualification --locked \[0m
2026-10-08T11:45:06.8270658Z [36;1m  > target/qualification/context-memory-100k.json[0m
2026-10-08T11:45:06.8325716Z shell: /usr/bin/bash -e {0}
2026-10-08T11:45:06.8325936Z env:
2026-10-08T11:45:06.8326116Z   MEMORY_BENCH_MODE: production
2026-10-08T11:45:06.8326498Z   MEMORY_BENCH_ITEMS: 100000
2026-10-08T11:45:06.8326690Z   MEMORY_BENCH_QUERIES: 100
2026-10-08T11:45:06.8326874Z   MEMORY_BENCH_SOAK_SECONDS: 60
2026-10-08T11:45:06.8327070Z   CARGO_HOME: /home/runner/.cargo
2026-10-08T11:45:06.8327277Z   CARGO_INCREMENTAL: 0
2026-10-08T11:45:06.8327453Z   CARGO_TERM_COLOR: always
2026-10-08T11:45:06.8327640Z   CACHE_ON_FAILURE: false
2026-10-08T11:45:06.8327851Z ##[endgroup]
2026-10-08T11:45:06.8968642Z [1m[92m    Updating[0m crates.io index
2026-10-08T11:45:08.2375497Z [1m[92m Downloading[0m crates ...
2026-10-08T11:45:08.3604802Z [1m[92m  Downloaded[0m ambient-authority v0.0.2
2026-10-08T11:45:08.3799842Z [1m[92m  Downloaded[0m anstream v1.0.0
2026-10-08T11:45:08.3828209Z [1m[92m  Downloaded[0m anstyle v1.0.14
2026-10-08T11:45:08.3841790Z [1m[92m  Downloaded[0m ahash v0.8.12
2026-10-08T11:45:08.3950964Z [1m[92m  Downloaded[0m anstyle-query v1.1.5
2026-10-08T11:45:08.4016037Z [1m[92m  Downloaded[0m ahash v0.7.8
2026-10-08T11:45:08.4037169Z [1m[92m  Downloaded[0m untrusted v0.9.0
2026-10-08T11:45:08.4050048Z [1m[92m  Downloaded[0m unicode-xid v0.2.6
2026-10-08T11:45:08.4096210Z [1m[92m  Downloaded[0m form_urlencoded v1.2.2
2026-10-08T11:45:08.4124546Z [1m[92m  Downloaded[0m is_terminal_polyfill v1.70.2
2026-10-08T11:45:08.4133154Z [1m[92m  Downloaded[0m fallible-streaming-iterator v0.1.9
2026-10-08T11:45:08.4142269Z [1m[92m  Downloaded[0m clap_lex v1.1.0
2026-10-08T11:45:08.4187046Z [1m[92m  Downloaded[0m equivalent v1.0.2
2026-10-08T11:45:08.4196044Z [1m[92m  Downloaded[0m unicase v2.9.0
2026-10-08T11:45:08.4253876Z [1m[92m  Downloaded[0m unicode-ident v1.0.24
2026-10-08T11:45:08.4290247Z [1m[92m  Downloaded[0m fnv v1.0.7
2026-10-08T11:45:08.4298345Z [1m[92m  Downloaded[0m futures-core v0.3.33
2026-10-08T11:45:08.4309309Z [1m[92m  Downloaded[0m futures-macro v0.3.33
2026-10-08T11:45:08.4318340Z [1m[92m  Downloaded[0m heck v0.5.0
2026-10-08T11:45:08.4331070Z [1m[92m  Downloaded[0m bytecheck v0.6.12
2026-10-08T11:45:08.4338585Z [1m[92m  Downloaded[0m cfg-if v1.0.4
2026-10-08T11:45:08.4348510Z [1m[92m  Downloaded[0m autocfg v1.5.0
2026-10-08T11:45:08.4399134Z [1m[92m  Downloaded[0m want v0.3.1
2026-10-08T11:45:08.4427748Z [1m[92m  Downloaded[0m validit v0.2.6
2026-10-08T11:45:08.4464182Z [1m[92m  Downloaded[0m dirs v6.0.0
2026-10-08T11:45:08.4474818Z [1m[92m  Downloaded[0m atomic-waker v1.1.2
2026-10-08T11:45:08.4484275Z [1m[92m  Downloaded[0m fs-set-times v0.20.3
2026-10-08T11:45:08.4495715Z [1m[92m  Downloaded[0m futures-task v0.3.33
2026-10-08T11:45:08.4510115Z [1m[92m  Downloaded[0m utf8_iter v1.0.4
2026-10-08T11:45:08.4556294Z [1m[92m  Downloaded[0m dashmap v6.1.0
2026-10-08T11:45:08.4591764Z [1m[92m  Downloaded[0m version_check v0.9.5
2026-10-08T11:45:08.4615938Z [1m[92m  Downloaded[0m displaydoc v0.2.5
2026-10-08T11:45:08.4642137Z [1m[92m  Downloaded[0m yoke-derive v0.8.2
2026-10-08T11:45:08.4651719Z [1m[92m  Downloaded[0m arrayvec v0.7.8
2026-10-08T11:45:08.4668583Z [1m[92m  Downloaded[0m futures-io v0.3.33
2026-10-08T11:45:08.4675183Z [1m[92m  Downloaded[0m colorchoice v1.0.5
2026-10-08T11:45:08.4683006Z [1m[92m  Downloaded[0m http-body v1.0.1
2026-10-08T11:45:08.4690512Z [1m[92m  Downloaded[0m itoa v1.0.18
2026-10-08T11:45:08.4701923Z [1m[92m  Downloaded[0m anyerror v0.1.13
2026-10-08T11:45:08.4714971Z [1m[92m  Downloaded[0m cfg_aliases v0.2.2
2026-10-08T11:45:08.4722730Z [1m[92m  Downloaded[0m funty v2.0.0
2026-10-08T11:45:08.4728756Z [1m[92m  Downloaded[0m idna_adapter v1.2.2
2026-10-08T11:45:08.4735659Z [1m[92m  Downloaded[0m dirs-sys v0.5.0
2026-10-08T11:45:08.4744120Z [1m[92m  Downloaded[0m errno v0.3.14
2026-10-08T11:45:08.4755799Z [1m[92m  Downloaded[0m foreign-types-shared v0.1.1
2026-10-08T11:45:08.4760534Z [1m[92m  Downloaded[0m dyn-clone v1.0.20
2026-10-08T11:45:08.4773159Z [1m[92m  Downloaded[0m foreign-types v0.3.2
2026-10-08T11:45:08.4778858Z [1m[92m  Downloaded[0m futures-sink v0.3.33
2026-10-08T11:45:08.4785275Z [1m[92m  Downloaded[0m maplit v1.0.2
2026-10-08T11:45:08.4793016Z [1m[92m  Downloaded[0m mime v0.3.17
2026-10-08T11:45:08.4803560Z [1m[92m  Downloaded[0m hyper-tls v0.6.0
2026-10-08T11:45:08.4815289Z [1m[92m  Downloaded[0m proc-macro-crate v3.5.0
2026-10-08T11:45:08.4826144Z [1m[92m  Downloaded[0m tap v1.0.1
2026-10-08T11:45:08.4854300Z [1m[92m  Downloaded[0m bytecheck_derive v0.6.12
2026-10-08T11:45:08.4855139Z [1m[92m  Downloaded[0m http-body-util v0.1.3
2026-10-08T11:45:08.4855842Z [1m[92m  Downloaded[0m io-lifetimes v2.0.4
2026-10-08T11:45:08.4867628Z [1m[92m  Downloaded[0m ipnet v2.12.0
2026-10-08T11:45:08.4881201Z [1m[92m  Downloaded[0m tinyvec_macros v0.1.1
2026-10-08T11:45:08.4887357Z [1m[92m  Downloaded[0m io-extras v0.19.0
2026-10-08T11:45:08.4905127Z [1m[92m  Downloaded[0m openssl-macros v0.1.1
2026-10-08T11:45:08.4910590Z [1m[92m  Downloaded[0m ptr_meta_derive v0.1.4
2026-10-08T11:45:08.4915360Z [1m[92m  Downloaded[0m stable_deref_trait v1.2.1
2026-10-08T11:45:08.4921953Z [1m[92m  Downloaded[0m rend v0.4.2
2026-10-08T11:45:08.4931519Z [1m[92m  Downloaded[0m wyz v0.5.1
2026-10-08T11:45:08.4943065Z [1m[92m  Downloaded[0m zeroize v1.9.1
2026-10-08T11:45:08.4967796Z [1m[92m  Downloaded[0m bitflags v2.13.1
2026-10-08T11:45:08.5020747Z [1m[92m  Downloaded[0m fastrand v2.4.1
2026-10-08T11:45:08.5036039Z [1m[92m  Downloaded[0m io-lifetimes v3.0.1
2026-10-08T11:45:08.5053087Z [1m[92m  Downloaded[0m anstyle-parse v1.0.0
2026-10-08T11:45:08.5068838Z [1m[92m  Downloaded[0m hashlink v0.9.1
2026-10-08T11:45:08.5084486Z [1m[92m  Downloaded[0m hyper-rustls v0.27.9
2026-10-08T11:45:08.5097426Z [1m[92m  Downloaded[0m fallible-iterator v0.3.0
2026-10-08T11:45:08.5107398Z [1m[92m  Downloaded[0m thiserror-impl v1.0.69
2026-10-08T11:45:08.5119692Z [1m[92m  Downloaded[0m option-ext v0.2.0
2026-10-08T11:45:08.5126305Z [1m[92m  Downloaded[0m utf8-width v0.1.9
2026-10-08T11:45:08.5131904Z [1m[92m  Downloaded[0m byte-unit v5.2.5
2026-10-08T11:45:08.5162565Z [1m[92m  Downloaded[0m futures-executor v0.3.33
2026-10-08T11:45:08.5175075Z [1m[92m  Downloaded[0m async-trait v0.1.91
2026-10-08T11:45:08.5207025Z [1m[92m  Downloaded[0m openraft-macros v0.9.25
2026-10-08T11:45:08.5230756Z [1m[92m  Downloaded[0m openssl-probe v0.2.1
2026-10-08T11:45:08.5239747Z [1m[92m  Downloaded[0m radium v0.7.0
2026-10-08T11:45:08.5247858Z [1m[92m  Downloaded[0m serde_spanned v1.1.1
2026-10-08T11:45:08.5256660Z [1m[92m  Downloaded[0m zerofrom-derive v0.1.7
2026-10-08T11:45:08.5264298Z [1m[92m  Downloaded[0m percent-encoding v2.3.2
2026-10-08T11:45:08.5270594Z [1m[92m  Downloaded[0m strsim v0.11.1
2026-10-08T11:45:08.5280259Z [1m[92m  Downloaded[0m subtle v2.6.1
2026-10-08T11:45:08.5289407Z [1m[92m  Downloaded[0m futures-channel v0.3.33
2026-10-08T11:45:08.5303973Z [1m[92m  Downloaded[0m scopeguard v1.2.0
2026-10-08T11:45:08.5315604Z [1m[92m  Downloaded[0m utf8parse v0.2.2
2026-10-08T11:45:08.5325312Z [1m[92m  Downloaded[0m find-msvc-tools v0.1.9
2026-10-08T11:45:08.5340414Z [1m[92m  Downloaded[0m futures v0.3.33
2026-10-08T11:45:08.5384913Z [1m[92m  Downloaded[0m clap v4.6.4
2026-10-08T11:45:08.5461756Z [1m[92m  Downloaded[0m tracing-futures v0.2.5
2026-10-08T11:45:08.5473426Z [1m[92m  Downloaded[0m borsh-derive v1.8.0
2026-10-08T11:45:08.5507228Z [1m[92m  Downloaded[0m clap_derive v4.6.4
2026-10-08T11:45:08.5530908Z [1m[92m  Downloaded[0m iana-time-zone v0.1.65
2026-10-08T11:45:08.5563748Z [1m[92m  Downloaded[0m anyhow v1.0.104
2026-10-08T11:45:08.5606921Z [1m[92m  Downloaded[0m tracing-attributes v0.1.31
2026-10-08T11:45:08.5628462Z [1m[92m  Downloaded[0m cap-std v4.0.2
2026-10-08T11:45:08.5652624Z [1m[92m  Downloaded[0m synstructure v0.13.2
2026-10-08T11:45:08.5661754Z [1m[92m  Downloaded[0m derive_more-impl v1.0.0
2026-10-08T11:45:08.5706407Z [1m[92m  Downloaded[0m icu_locale_core v2.2.0
2026-10-08T11:45:08.5773774Z [1m[92m  Downloaded[0m sync_wrapper v1.0.2
2026-10-08T11:45:08.5779771Z [1m[92m  Downloaded[0m thiserror v1.0.69
2026-10-08T11:45:08.5824617Z [1m[92m  Downloaded[0m toml_writer v1.1.2+spec-1.1.0
2026-10-08T11:45:08.5837725Z [1m[92m  Downloaded[0m tokio-rustls v0.26.4
2026-10-08T11:45:08.5859513Z [1m[92m  Downloaded[0m tempfile v3.27.0
2026-10-08T11:45:08.5886338Z [1m[92m  Downloaded[0m lock_api v0.4.14
2026-10-08T11:45:08.5900342Z [1m[92m  Downloaded[0m zmij v1.0.21
2026-10-08T11:45:08.5919912Z [1m[92m  Downloaded[0m ref-cast-impl v1.0.25
2026-10-08T11:45:08.5929114Z [1m[92m  Downloaded[0m zerofrom v0.1.7
2026-10-08T11:45:08.5939180Z [1m[92m  Downloaded[0m maybe-owned v0.3.4
2026-10-08T11:45:08.5960596Z [1m[92m  Downloaded[0m ptr_meta v0.1.4
2026-10-08T11:45:08.5966662Z [1m[92m  Downloaded[0m potential_utf v0.1.5
2026-10-08T11:45:08.5975190Z [1m[92m  Downloaded[0m ref-cast v1.0.25
2026-10-08T11:45:08.6003219Z [1m[92m  Downloaded[0m rand_chacha v0.3.1
2026-10-08T11:45:08.6010572Z [1m[92m  Downloaded[0m crossbeam-utils v0.8.21
2026-10-08T11:45:08.6031438Z [1m[92m  Downloaded[0m getrandom v0.2.17
2026-10-08T11:45:08.6054395Z [1m[92m  Downloaded[0m getrandom v0.4.2
2026-10-08T11:45:08.6084486Z [1m[92m  Downloaded[0m icu_provider v2.2.0
2026-10-08T11:45:08.6105190Z [1m[92m  Downloaded[0m thiserror-impl v2.0.18
2026-10-08T11:45:08.6119552Z [1m[92m  Downloaded[0m cap-primitives v4.0.2
2026-10-08T11:45:08.6209933Z [1m[92m  Downloaded[0m thiserror v2.0.18
2026-10-08T11:45:08.6276569Z [1m[92m  Downloaded[0m tinyvec v1.12.0
2026-10-08T11:45:08.6307821Z [1m[92m  Downloaded[0m tokio-stream v0.1.19
2026-10-08T11:45:08.6351646Z [1m[92m  Downloaded[0m toml_datetime v1.1.1+spec-1.1.0
2026-10-08T11:45:08.6361783Z [1m[92m  Downloaded[0m httparse v1.10.1
2026-10-08T11:45:08.6381290Z [1m[92m  Downloaded[0m icu_properties v2.2.0
2026-10-08T11:45:08.6400826Z [1m[92m  Downloaded[0m derive_more v1.0.0
2026-10-08T11:45:08.6494690Z [1m[92m  Downloaded[0m icu_normalizer_data v2.2.0
2026-10-08T11:45:08.6511208Z [1m[92m  Downloaded[0m toml_parser v1.1.3+spec-1.1.0
2026-10-08T11:45:08.6528952Z [1m[92m  Downloaded[0m tracing-core v0.1.36
2026-10-08T11:45:08.6550511Z [1m[92m  Downloaded[0m borsh v1.8.0
2026-10-08T11:45:08.6608909Z [1m[92m  Downloaded[0m icu_normalizer v2.2.0
2026-10-08T11:45:08.6637165Z [1m[92m  Downloaded[0m tokio-native-tls v0.3.1
2026-10-08T11:45:08.6650638Z [1m[92m  Downloaded[0m base64 v0.23.1
2026-10-08T11:45:08.6681173Z [1m[92m  Downloaded[0m icu_collections v2.2.0
2026-10-08T11:45:08.6729325Z [1m[92m  Downloaded[0m bytes v1.11.1
2026-10-08T11:45:08.6761780Z [1m[92m  Downloaded[0m tower-service v0.3.3
2026-10-08T11:45:08.6767738Z [1m[92m  Downloaded[0m seahash v4.1.0
2026-10-08T11:45:08.6779725Z [1m[92m  Downloaded[0m base64 v0.22.1
2026-10-08T11:45:08.6808915Z [1m[92m  Downloaded[0m hyper-util v0.1.20
2026-10-08T11:45:08.6856980Z [1m[92m  Downloaded[0m pkg-config v0.3.33
2026-10-08T11:45:08.6868964Z [1m[92m  Downloaded[0m shlex v1.3.0
2026-10-08T11:45:08.6878451Z [1m[92m  Downloaded[0m rand_core v0.6.4
2026-10-08T11:45:08.6888623Z [1m[92m  Downloaded[0m litemap v0.8.2
2026-10-08T11:45:08.6906247Z [1m[92m  Downloaded[0m tower-layer v0.3.3
2026-10-08T11:45:08.6913459Z [1m[92m  Downloaded[0m zerovec-derive v0.11.3
2026-10-08T11:45:08.6924925Z [1m[92m  Downloaded[0m writeable v0.6.3
2026-10-08T11:45:08.6939717Z [1m[92m  Downloaded[0m pin-project-lite v0.2.17
2026-10-08T11:45:08.6985768Z [1m[92m  Downloaded[0m tokio-macros v2.7.0
2026-10-08T11:45:08.6993442Z [1m[92m  Downloaded[0m mime_guess v2.0.5
2026-10-08T11:45:08.7006420Z [1m[92m  Downloaded[0m hashbrown v0.12.3
2026-10-08T11:45:08.7035921Z [1m[92m  Downloaded[0m http v1.4.0
2026-10-08T11:45:08.7063917Z [1m[92m  Downloaded[0m indexmap v2.14.0
2026-10-08T11:45:08.7097392Z [1m[92m  Downloaded[0m cc v1.2.61
2026-10-08T11:45:08.7120485Z [1m[92m  Downloaded[0m hashbrown v0.14.5
2026-10-08T11:45:08.7157579Z [1m[92m  Downloaded[0m hyper v1.9.0
2026-10-08T11:45:08.7209888Z [1m[92m  Downloaded[0m idna v1.1.0
2026-10-08T11:45:08.7238031Z [1m[92m  Downloaded[0m futures-util v0.3.33
2026-10-08T11:45:08.7342464Z [1m[92m  Downloaded[0m h2 v0.4.20
2026-10-08T11:45:08.7394222Z [1m[92m  Downloaded[0m hashbrown v0.17.0
2026-10-08T11:45:08.7435447Z [1m[92m  Downloaded[0m iri-string v0.7.12
2026-10-08T11:45:08.7497002Z [1m[92m  Downloaded[0m tokio-util v0.7.19
2026-10-08T11:45:08.7559082Z [1m[92m  Downloaded[0m clap_builder v4.6.2
2026-10-08T11:45:08.7608995Z [1m[92m  Downloaded[0m ppv-lite86 v0.2.21
2026-10-08T11:45:08.7618915Z [1m[92m  Downloaded[0m simdutf8 v0.1.5
2026-10-08T11:45:08.7636808Z [1m[92m  Downloaded[0m icu_properties_data v2.2.0
2026-10-08T11:45:08.7720314Z [1m[92m  Downloaded[0m quote v1.0.45
2026-10-08T11:45:08.7741212Z [1m[92m  Downloaded[0m rustix-linux-procfs v0.1.1
2026-10-08T11:45:08.7750273Z [1m[92m  Downloaded[0m serde_urlencoded v0.7.1
2026-10-08T11:45:08.7763115Z [1m[92m  Downloaded[0m signal-hook-registry v1.4.8
2026-10-08T11:45:08.7772257Z [1m[92m  Downloaded[0m bitvec v1.1.1
2026-10-08T11:45:08.7908002Z [1m[92m  Downloaded[0m native-tls v0.2.18
2026-10-08T11:45:08.7919426Z [1m[92m  Downloaded[0m chrono v0.4.44
2026-10-08T11:45:08.7973557Z [1m[92m  Downloaded[0m parking_lot_core v0.9.12
2026-10-08T11:45:08.7989811Z [1m[92m  Downloaded[0m tinystr v0.8.3
2026-10-08T11:45:08.8005381Z [1m[92m  Downloaded[0m rkyv_derive v0.7.46
2026-10-08T11:45:08.8017353Z [1m[92m  Downloaded[0m try-lock v0.2.5
2026-10-08T11:45:08.8024070Z [1m[92m  Downloaded[0m yoke v0.8.2
2026-10-08T11:45:08.8037782Z [1m[92m  Downloaded[0m log v0.4.29
2026-10-08T11:45:08.8057504Z [1m[92m  Downloaded[0m once_cell v1.21.4
2026-10-08T11:45:08.8076701Z [1m[92m  Downloaded[0m pin-project-internal v1.1.13
2026-10-08T11:45:08.8088521Z [1m[92m  Downloaded[0m rustls-pki-types v1.14.1
2026-10-08T11:45:08.8107869Z [1m[92m  Downloaded[0m semver v1.0.28
2026-10-08T11:45:08.8125575Z [1m[92m  Downloaded[0m slab v0.4.12
2026-10-08T11:45:08.8135293Z [1m[92m  Downloaded[0m smallvec v1.15.1
2026-10-08T11:45:08.8151121Z [1m[92m  Downloaded[0m uuid v1.23.1
2026-10-08T11:45:08.8173752Z [1m[92m  Downloaded[0m parking_lot v0.12.5
2026-10-08T11:45:08.8192779Z [1m[92m  Downloaded[0m pin-project v1.1.13
2026-10-08T11:45:08.8296701Z [1m[92m  Downloaded[0m syn v2.0.117
2026-10-08T11:45:08.8379605Z [1m[92m  Downloaded[0m syn v3.0.3
2026-10-08T11:45:08.8463376Z [1m[92m  Downloaded[0m tracing v0.1.44
2026-10-08T11:45:08.8587654Z [1m[92m  Downloaded[0m socket2 v0.6.3
2026-10-08T11:45:08.8601765Z [1m[92m  Downloaded[0m serde_derive v1.0.228
2026-10-08T11:45:08.8625592Z [1m[92m  Downloaded[0m num-traits v0.2.19
2026-10-08T11:45:08.8645712Z [1m[92m  Downloaded[0m ryu v1.0.23
2026-10-08T11:45:08.8671086Z [1m[92m  Downloaded[0m toml v1.1.6+spec-1.1.0
2026-10-08T11:45:08.8702375Z [1m[92m  Downloaded[0m libc v0.2.190
2026-10-08T11:45:08.9077693Z [1m[92m  Downloaded[0m tokio v1.52.2
2026-10-08T11:45:08.9425578Z [1m[92m  Downloaded[0m serde_core v1.0.228
2026-10-08T11:45:08.9447213Z [1m[92m  Downloaded[0m toml_edit v0.25.11+spec-1.1.0
2026-10-08T11:45:08.9477544Z [1m[92m  Downloaded[0m serde v1.0.228
2026-10-08T11:45:08.9504880Z [1m[92m  Downloaded[0m schemars v1.2.1
2026-10-08T11:45:08.9640641Z [1m[92m  Downloaded[0m proc-macro2 v1.0.106
2026-10-08T11:45:08.9663727Z [1m[92m  Downloaded[0m rustls-webpki v0.103.15
2026-10-08T11:45:08.9688738Z [1m[92m  Downloaded[0m memchr v2.8.0
2026-10-08T11:45:08.9731823Z [1m[92m  Downloaded[0m encoding_rs v0.8.35
2026-10-08T11:45:08.9890383Z [1m[92m  Downloaded[0m rand v0.8.6
2026-10-08T11:45:08.9916331Z [1m[92m  Downloaded[0m url v2.5.8
2026-10-08T11:45:08.9936614Z [1m[92m  Downloaded[0m zerotrie v0.2.4
2026-10-08T11:45:08.9967058Z [1m[92m  Downloaded[0m mio v1.2.0
2026-10-08T11:45:09.0014416Z [1m[92m  Downloaded[0m tower v0.5.3
2026-10-08T11:45:09.0093314Z [1m[92m  Downloaded[0m zerovec v0.11.6
2026-10-08T11:45:09.0139548Z [1m[92m  Downloaded[0m openssl-sys v0.9.115
2026-10-08T11:45:09.0182594Z [1m[92m  Downloaded[0m rkyv v0.7.46
2026-10-08T11:45:09.0249422Z [1m[92m  Downloaded[0m rusqlite v0.32.1
2026-10-08T11:45:09.0297609Z [1m[92m  Downloaded[0m rust_decimal v1.42.1
2026-10-08T11:45:09.0349072Z [1m[92m  Downloaded[0m serde_json v1.0.151
2026-10-08T11:45:09.0406597Z [1m[92m  Downloaded[0m tower-http v0.6.8
2026-10-08T11:45:09.0472189Z [1m[92m  Downloaded[0m reqwest v0.12.28
2026-10-08T11:45:09.0515066Z [1m[92m  Downloaded[0m winnow v1.0.2
2026-10-08T11:45:09.0590448Z [1m[92m  Downloaded[0m vcpkg v0.2.15
2026-10-08T11:45:09.1018350Z [1m[92m  Downloaded[0m openraft v0.9.24
2026-10-08T11:45:09.1165602Z [1m[92m  Downloaded[0m syn v1.0.109
2026-10-08T11:45:09.1241212Z [1m[92m  Downloaded[0m zerocopy v0.8.48
2026-10-08T11:45:09.1413448Z [1m[92m  Downloaded[0m libsqlite3-sys v0.30.1
2026-10-08T11:45:09.1902806Z [1m[92m  Downloaded[0m openssl v0.10.79
2026-10-08T11:45:09.1978993Z [1m[92m  Downloaded[0m rustls v0.23.45
2026-10-08T11:45:09.2072689Z [1m[92m  Downloaded[0m rustix v1.1.4
2026-10-08T11:45:09.2287493Z [1m[92m  Downloaded[0m ring v0.17.14
2026-10-08T11:45:09.2618330Z [1m[92m  Downloaded[0m linux-raw-sys v0.12.1
2026-10-08T11:45:09.3128883Z [1m[92m  Downloaded[0m openssl-src v300.6.1+3.6.3
2026-10-08T11:45:09.6060428Z [1m[92m   Compiling[0m proc-macro2 v1.0.106
2026-10-08T11:45:09.6061167Z [1m[92m   Compiling[0m unicode-ident v1.0.24
2026-10-08T11:45:09.6089945Z [1m[92m   Compiling[0m quote v1.0.45
2026-10-08T11:45:09.6139427Z [1m[92m   Compiling[0m libc v0.2.190
2026-10-08T11:45:09.6503204Z [1m[92m   Compiling[0m cfg-if v1.0.4
2026-10-08T11:45:09.6835531Z [1m[92m   Compiling[0m shlex v1.3.0
2026-10-08T11:45:09.7605233Z [1m[92m   Compiling[0m find-msvc-tools v0.1.9
2026-10-08T11:45:09.8485021Z [1m[92m   Compiling[0m cc v1.2.61
2026-10-08T11:45:09.8705723Z [1m[92m   Compiling[0m smallvec v1.15.1
2026-10-08T11:45:09.9965933Z [1m[92m   Compiling[0m once_cell v1.21.4
2026-10-08T11:45:10.1115088Z [1m[92m   Compiling[0m pin-project-lite v0.2.17
2026-10-08T11:45:10.1474367Z [1m[92m   Compiling[0m parking_lot_core v0.9.12
2026-10-08T11:45:10.3775635Z [1m[92m   Compiling[0m syn v2.0.117
2026-10-08T11:45:10.4067401Z [1m[92m   Compiling[0m bytes v1.11.1
2026-10-08T11:45:10.7005116Z [1m[92m   Compiling[0m futures-core v0.3.33
2026-10-08T11:45:10.7615186Z [1m[92m   Compiling[0m scopeguard v1.2.0
2026-10-08T11:45:10.8023846Z [1m[92m   Compiling[0m lock_api v0.4.14
2026-10-08T11:45:10.8482495Z [1m[92m   Compiling[0m serde_core v1.0.228
2026-10-08T11:45:10.9535626Z [1m[92m   Compiling[0m errno v0.3.14
2026-10-08T11:45:10.9715867Z [1m[92m   Compiling[0m pkg-config v0.3.33
2026-10-08T11:45:11.0111562Z [1m[92m   Compiling[0m vcpkg v0.2.15
2026-10-08T11:45:11.0255205Z [1m[92m   Compiling[0m stable_deref_trait v1.2.1
2026-10-08T11:45:11.3065136Z [1m[92m   Compiling[0m signal-hook-registry v1.4.8
2026-10-08T11:45:11.4445081Z [1m[92m   Compiling[0m parking_lot v0.12.5
2026-10-08T11:45:11.4655064Z [1m[92m   Compiling[0m mio v1.2.0
2026-10-08T11:45:11.6935055Z [1m[92m   Compiling[0m socket2 v0.6.3
2026-10-08T11:45:11.7795334Z [1m[92m   Compiling[0m openssl-src v300.6.1+3.6.3
2026-10-08T11:45:11.9455084Z [1m[92m   Compiling[0m futures-sink v0.3.33
2026-10-08T11:45:11.9848705Z [1m[92m   Compiling[0m bitflags v2.13.1
2026-10-08T11:45:12.0115710Z [1m[92m   Compiling[0m openssl-sys v0.9.115
2026-10-08T11:45:12.0965025Z [1m[92m   Compiling[0m autocfg v1.5.0
2026-10-08T11:45:12.3544916Z [1m[92m   Compiling[0m itoa v1.0.18
2026-10-08T11:45:12.4515057Z [1m[92m   Compiling[0m zerocopy v0.8.48
2026-10-08T11:45:12.6281486Z [1m[92m   Compiling[0m slab v0.4.12
2026-10-08T11:45:12.7468792Z [1m[92m   Compiling[0m futures-channel v0.3.33
2026-10-08T11:45:12.7785427Z [1m[92m   Compiling[0m memchr v2.8.0
2026-10-08T11:45:13.2705059Z [1m[92m   Compiling[0m synstructure v0.13.2
2026-10-08T11:45:13.6675223Z [1m[92m   Compiling[0m futures-io v0.3.33
2026-10-08T11:45:13.7314729Z [1m[92m   Compiling[0m futures-task v0.3.33
2026-10-08T11:45:13.8175652Z [1m[92m   Compiling[0m http v1.4.0
2026-10-08T11:45:14.2895151Z [1m[92m   Compiling[0m zerofrom-derive v0.1.7
2026-10-08T11:45:14.5155504Z [1m[92m   Compiling[0m yoke-derive v0.8.2
2026-10-08T11:45:15.1084977Z [1m[92m   Compiling[0m zerofrom v0.1.7
2026-10-08T11:45:15.1620716Z [1m[92m   Compiling[0m tokio-macros v2.7.0
2026-10-08T11:45:15.1995062Z [1m[92m   Compiling[0m yoke v0.8.2
2026-10-08T11:45:15.3117259Z [1m[92m   Compiling[0m zerovec-derive v0.11.3
2026-10-08T11:45:15.5635774Z [1m[92m   Compiling[0m tokio v1.52.2
2026-10-08T11:45:15.7855242Z [1m[92m   Compiling[0m displaydoc v0.2.5
2026-10-08T11:45:16.0515489Z [1m[92m   Compiling[0m zerovec v0.11.6
2026-10-08T11:45:16.1635039Z [1m[92m   Compiling[0m futures-macro v0.3.33
2026-10-08T11:45:16.4501588Z [1m[92m   Compiling[0m tinystr v0.8.3
2026-10-08T11:45:16.5865038Z [1m[92m   Compiling[0m tracing-attributes v0.1.31
2026-10-08T11:45:16.6895544Z [1m[92m   Compiling[0m futures-util v0.3.33
2026-10-08T11:45:17.4506747Z [1m[92m   Compiling[0m getrandom v0.2.17
2026-10-08T11:45:17.5515622Z [1m[92m   Compiling[0m tracing-core v0.1.36
2026-10-08T11:45:17.9165635Z [1m[92m   Compiling[0m litemap v0.8.2
2026-10-08T11:45:18.0231387Z [1m[92m   Compiling[0m writeable v0.6.3
2026-10-08T11:45:18.1335163Z [1m[92m   Compiling[0m serde v1.0.228
2026-10-08T11:45:18.2795273Z [1m[92m   Compiling[0m icu_locale_core v2.2.0
2026-10-08T11:45:18.6515096Z [1m[92m   Compiling[0m tracing v0.1.44
2026-10-08T11:45:18.7774934Z [1m[92m   Compiling[0m potential_utf v0.1.5
2026-10-08T11:45:18.8375075Z [1m[92m   Compiling[0m zerotrie v0.2.4
2026-10-08T11:45:19.0215001Z [1m[92m   Compiling[0m serde_derive v1.0.228
2026-10-08T11:45:19.0415071Z [1m[92m   Compiling[0m icu_properties_data v2.2.0
2026-10-08T11:45:19.1155179Z [1m[92m   Compiling[0m icu_normalizer_data v2.2.0
2026-10-08T11:45:19.1865096Z [1m[92m   Compiling[0m utf8_iter v1.0.4
2026-10-08T11:45:19.2436086Z [1m[92m   Compiling[0m version_check v0.9.5
2026-10-08T11:45:19.4155743Z [1m[92m   Compiling[0m rustix v1.1.4
2026-10-08T11:45:19.6295205Z [1m[92m   Compiling[0m ahash v0.8.12
2026-10-08T11:45:19.7145099Z [1m[92m   Compiling[0m icu_collections v2.2.0
2026-10-08T11:45:20.0544939Z [1m[92m   Compiling[0m icu_provider v2.2.0
2026-10-08T11:45:20.1526638Z [1m[92m   Compiling[0m http-body v1.0.1
2026-10-08T11:45:20.2140397Z [1m[92m   Compiling[0m num-traits v0.2.19
2026-10-08T11:45:20.2455744Z [1m[92m   Compiling[0m ring v0.17.14
2026-10-08T11:45:20.2955315Z [1m[92m   Compiling[0m hashbrown v0.17.0
2026-10-08T11:45:20.5295090Z [1m[92m   Compiling[0m equivalent v1.0.2
2026-10-08T11:45:20.5605215Z [1m[92m   Compiling[0m foreign-types-shared v0.1.1
2026-10-08T11:45:20.5942719Z [1m[92m   Compiling[0m httparse v1.10.1
2026-10-08T11:45:20.7255102Z [1m[92m   Compiling[0m linux-raw-sys v0.12.1
2026-10-08T11:45:20.7507575Z [1m[92m   Compiling[0m log v0.4.29
2026-10-08T11:45:20.8581238Z [1m[92m   Compiling[0m percent-encoding v2.3.2
2026-10-08T11:45:20.9515073Z [1m[92m   Compiling[0m openssl v0.10.79
2026-10-08T11:45:21.0695135Z [1m[92m   Compiling[0m indexmap v2.14.0
2026-10-08T11:45:21.5517917Z [1m[92m   Compiling[0m foreign-types v0.3.2
2026-10-08T11:45:21.9605212Z [1m[92m   Compiling[0m tokio-util v0.7.19
2026-10-08T11:45:22.4305363Z [1m[92m   Compiling[0m openssl-macros v0.1.1
2026-10-08T11:45:22.6415416Z [1m[92m   Compiling[0m fnv v1.0.7
2026-10-08T11:45:22.6790499Z [1m[92m   Compiling[0m try-lock v0.2.5
2026-10-08T11:45:22.7195223Z [1m[92m   Compiling[0m io-lifetimes v3.0.1
2026-10-08T11:45:22.8425113Z [1m[92m   Compiling[0m atomic-waker v1.1.2
2026-10-08T11:45:22.8911422Z [1m[92m   Compiling[0m native-tls v0.2.18
2026-10-08T11:45:22.9764981Z [1m[92m   Compiling[0m ipnet v2.12.0
2026-10-08T11:45:23.2548664Z [1m[92m   Compiling[0m utf8parse v0.2.2
2026-10-08T11:45:23.2949833Z [1m[92m   Compiling[0m tower-service v0.3.3
2026-10-08T11:45:23.3289409Z [1m[92m   Compiling[0m io-lifetimes v2.0.4
2026-10-08T11:45:23.4450465Z [1m[92m   Compiling[0m zeroize v1.9.1
2026-10-08T11:45:23.4632147Z [1m[92m   Compiling[0m anstyle-parse v1.0.0
2026-10-08T11:45:23.5202998Z [1m[92m   Compiling[0m rustls-pki-types v1.14.1
2026-10-08T11:45:23.5426160Z [1m[92m   Compiling[0m h2 v0.4.20
2026-10-08T11:45:23.8316218Z [1m[92m   Compiling[0m want v0.3.1
2026-10-08T11:45:23.9938653Z [1m[92m   Compiling[0m icu_normalizer v2.2.0
2026-10-08T11:45:24.0465573Z [1m[92m   Compiling[0m icu_properties v2.2.0
2026-10-08T11:45:24.9904971Z [1m[92m   Compiling[0m syn v3.0.3
2026-10-08T11:45:25.0165575Z [1m[92m   Compiling[0m rust_decimal v1.42.1
2026-10-08T11:45:25.1455017Z [1m[92m   Compiling[0m iana-time-zone v0.1.65
2026-10-08T11:45:25.2615085Z [1m[92m   Compiling[0m colorchoice v1.0.5
2026-10-08T11:45:25.3045150Z [1m[92m   Compiling[0m openssl-probe v0.2.1
2026-10-08T11:45:25.3774856Z [1m[92m   Compiling[0m zmij v1.0.21
2026-10-08T11:45:25.4805332Z [1m[92m   Compiling[0m is_terminal_polyfill v1.70.2
2026-10-08T11:45:25.5174989Z [1m[92m   Compiling[0m io-extras v0.19.0
2026-10-08T11:45:25.6345064Z [1m[92m   Compiling[0m anstyle-query v1.1.5
2026-10-08T11:45:25.6740972Z [1m[92m   Compiling[0m unicase v2.9.0
2026-10-08T11:45:25.7725116Z [1m[92m   Compiling[0m anstyle v1.0.14
2026-10-08T11:45:25.8935572Z [1m[92m   Compiling[0m getrandom v0.4.2
2026-10-08T11:45:25.9865494Z [1m[92m   Compiling[0m untrusted v0.9.0
2026-10-08T11:45:26.2434921Z [1m[92m   Compiling[0m anstream v1.0.0
2026-10-08T11:45:26.4247448Z [1m[92m   Compiling[0m mime_guess v2.0.5
2026-10-08T11:45:26.6085633Z [1m[92m   Compiling[0m hyper v1.9.0
2026-10-08T11:45:27.6288799Z [1m[92m   Compiling[0m idna_adapter v1.2.2
2026-10-08T11:45:27.6735094Z [1m[92m   Compiling[0m hashbrown v0.14.5
2026-10-08T11:45:28.1575400Z [1m[92m   Compiling[0m form_urlencoded v1.2.2
2026-10-08T11:45:28.1711795Z [1m[92m   Compiling[0m rand_core v0.6.4
2026-10-08T11:45:28.1999507Z [1m[92m   Compiling[0m ppv-lite86 v0.2.21
2026-10-08T11:45:28.2434955Z [1m[92m   Compiling[0m pin-project-internal v1.1.13
2026-10-08T11:45:28.3075351Z [1m[92m   Compiling[0m libsqlite3-sys v0.30.1
2026-10-08T11:45:28.4675618Z [1m[92m   Compiling[0m sync_wrapper v1.0.2
2026-10-08T11:45:28.4754887Z [1m[92m   Compiling[0m strsim v0.11.1
2026-10-08T11:45:28.5165653Z [1m[92m   Compiling[0m clap_lex v1.1.0
2026-10-08T11:45:28.6305752Z [1m[92m   Compiling[0m heck v0.5.0
2026-10-08T11:45:28.6705002Z [1m[92m   Compiling[0m arrayvec v0.7.8
2026-10-08T11:45:28.7586268Z [1m[92m   Compiling[0m tower-layer v0.3.3
2026-10-08T11:45:28.7997101Z [1m[92m   Compiling[0m serde_json v1.0.151
2026-10-08T11:45:28.8565025Z [1m[92m   Compiling[0m base64 v0.22.1
2026-10-08T11:45:28.8820585Z [1m[92m   Compiling[0m crossbeam-utils v0.8.21
2026-10-08T11:45:29.0015754Z [1m[92m   Compiling[0m thiserror v1.0.69
2026-10-08T11:45:29.0295458Z [1m[92m   Compiling[0m unicode-xid v0.2.6
2026-10-08T11:45:29.0790238Z [1m[92m   Compiling[0m rustls v0.23.45
2026-10-08T11:45:29.0885213Z [1m[92m   Compiling[0m cap-primitives v4.0.2
2026-10-08T11:45:29.1535492Z [1m[92m   Compiling[0m derive_more-impl v1.0.0
2026-10-08T11:45:29.1685524Z [1m[92m   Compiling[0m hyper-util v0.1.20
2026-10-08T11:45:29.2995743Z [1m[92m   Compiling[0m pin-project v1.1.13
2026-10-08T11:45:29.3655270Z [1m[92m   Compiling[0m tower v0.5.3
2026-10-08T11:45:30.1595012Z [1m[92m   Compiling[0m clap_derive v4.6.4
2026-10-08T11:45:30.2375079Z [1m[92m   Compiling[0m clap_builder v4.6.2
2026-10-08T11:45:30.8156094Z [1m[92m   Compiling[0m rand_chacha v0.3.1
2026-10-08T11:45:31.1135010Z [1m[92m   Compiling[0m fs-set-times v0.20.3
2026-10-08T11:45:31.2545597Z [1m[92m   Compiling[0m chrono v0.4.44
2026-10-08T11:45:31.4985697Z [1m[92m   Compiling[0m idna v1.1.0
2026-10-08T11:45:32.1525874Z [1m[92m   Compiling[0m rustls-webpki v0.103.15
2026-10-08T11:45:32.4485192Z [1m[92m   Compiling[0m rustix-linux-procfs v0.1.1
2026-10-08T11:45:32.5825237Z [1m[92m   Compiling[0m anyerror v0.1.13
2026-10-08T11:45:32.6885143Z [1m[92m   Compiling[0m http-body-util v0.1.3
2026-10-08T11:45:32.7535141Z [1m[92m   Compiling[0m futures-executor v0.3.33
2026-10-08T11:45:32.8245355Z [1m[92m   Compiling[0m thiserror-impl v1.0.69
2026-10-08T11:45:32.8416079Z [1m[92m   Compiling[0m anyhow v1.0.104
2026-10-08T11:45:32.8835540Z [1m[92m   Compiling[0m ambient-authority v0.0.2
2026-10-08T11:45:32.9275284Z [1m[92m   Compiling[0m thiserror v2.0.18
2026-10-08T11:45:32.9825364Z [1m[92m   Compiling[0m maybe-owned v0.3.4
2026-10-08T11:45:33.0845029Z [1m[92m   Compiling[0m utf8-width v0.1.9
2026-10-08T11:45:33.0914814Z [1m[92m   Compiling[0m subtle v2.6.1
2026-10-08T11:45:33.1137488Z [1m[92m   Compiling[0m option-ext v0.2.0
2026-10-08T11:45:33.1505452Z [1m[92m   Compiling[0m ryu v1.0.23
2026-10-08T11:45:33.1655048Z [1m[92m   Compiling[0m iri-string v0.7.12
2026-10-08T11:45:33.2474704Z [1m[92m   Compiling[0m semver v1.0.28
2026-10-08T11:45:33.4341348Z [1m[92m   Compiling[0m cap-std v4.0.2
2026-10-08T11:45:33.5605093Z [1m[92m   Compiling[0m winnow v1.0.2
2026-10-08T11:45:33.6347994Z [1m[92m   Compiling[0m mime v0.3.17
2026-10-08T11:45:33.7775555Z [1m[92m   Compiling[0m toml_parser v1.1.3+spec-1.1.0
2026-10-08T11:45:34.0662087Z [1m[92m   Compiling[0m openraft-macros v0.9.25
2026-10-08T11:45:34.2515255Z [1m[92m   Compiling[0m serde_urlencoded v0.7.1
2026-10-08T11:45:34.3965446Z [1m[92m   Compiling[0m tower-http v0.6.8
2026-10-08T11:45:34.5125204Z [1m[92m   Compiling[0m dirs-sys v0.5.0
2026-10-08T11:45:34.6556478Z [1m[92m   Compiling[0m byte-unit v5.2.5
2026-10-08T11:45:34.8625095Z [1m[92m   Compiling[0m futures v0.3.33
2026-10-08T11:45:34.9011956Z [1m[92m   Compiling[0m validit v0.2.6
2026-10-08T11:45:35.2135363Z [1m[92m   Compiling[0m clap v4.6.4
2026-10-08T11:45:35.2470373Z [1m[92m   Compiling[0m url v2.5.8
2026-10-08T11:45:35.7894987Z [1m[92m   Compiling[0m rand v0.8.6
2026-10-08T11:45:35.7964704Z [1m[92m   Compiling[0m derive_more v1.0.0
2026-10-08T11:45:36.1545780Z [1m[92m   Compiling[0m tracing-futures v0.2.5
2026-10-08T11:45:36.2125465Z [1m[92m   Compiling[0m hashlink v0.9.1
2026-10-08T11:45:36.4084671Z [1m[92m   Compiling[0m thiserror-impl v2.0.18
2026-10-08T11:45:37.2675082Z [1m[92m   Compiling[0m toml_datetime v1.1.1+spec-1.1.0
2026-10-08T11:45:37.4075407Z [1m[92m   Compiling[0m serde_spanned v1.1.1
2026-10-08T11:45:37.4325078Z [1m[92m   Compiling[0m encoding_rs v0.8.35
2026-10-08T11:45:37.4760673Z [1m[92m   Compiling[0m fallible-streaming-iterator v0.1.9
2026-10-08T11:45:37.5475206Z [1m[92m   Compiling[0m toml_writer v1.1.2+spec-1.1.0
2026-10-08T11:45:37.6675493Z [1m[92m   Compiling[0m maplit v1.0.2
2026-10-08T11:45:37.6975150Z [1m[92m   Compiling[0m fallible-iterator v0.3.0
2026-10-08T11:45:37.9215241Z [1m[92m   Compiling[0m openraft v0.9.24
2026-10-08T11:45:38.6021233Z [1m[92m   Compiling[0m toml v1.1.6+spec-1.1.0
2026-10-08T11:45:38.7034960Z [1m[92m   Compiling[0m tokio-rustls v0.26.4
2026-10-08T11:45:38.8625146Z [1m[92m   Compiling[0m dashmap v6.1.0
2026-10-08T11:45:39.4875770Z [1m[92m   Compiling[0m dirs v6.0.0
2026-10-08T11:45:39.5375159Z [1m[92m   Compiling[0m uuid v1.23.1
2026-10-08T11:45:39.5874810Z [1m[92m   Compiling[0m async-trait v0.1.91
2026-10-08T11:45:40.0067159Z [1m[92m   Compiling[0m base64 v0.23.1
2026-10-08T11:45:40.1835439Z [1m[92m   Compiling[0m tokio-stream v0.1.19
2026-10-08T11:45:40.2725144Z [1m[92m   Compiling[0m fastrand v2.4.1
2026-10-08T11:45:40.3925031Z [1m[92m   Compiling[0m tempfile v3.27.0
2026-10-08T11:46:28.7398111Z [1m[92m   Compiling[0m tokio-native-tls v0.3.1
2026-10-08T11:46:28.8170650Z [1m[92m   Compiling[0m hyper-tls v0.6.0
2026-10-08T11:46:28.8972214Z [1m[92m   Compiling[0m reqwest v0.12.28
2026-10-08T11:46:31.7220070Z [1m[92m   Compiling[0m rusqlite v0.32.1
2026-10-08T11:46:32.1965678Z [1m[92m   Compiling[0m kernel v0.4.0-rc.1 (/home/runner/work/AIagentOS/AIagentOS/crates/kernel)
2026-10-08T11:46:46.7416270Z [1m[92m   Compiling[0m agent-sdk v0.4.0-rc.1 (/home/runner/work/AIagentOS/AIagentOS/crates/sdk)
2026-10-08T11:46:46.7417581Z [1m[92m   Compiling[0m adapters v0.4.0-rc.1 (/home/runner/work/AIagentOS/AIagentOS/crates/adapters)
2026-10-08T11:46:55.3359132Z [1m[92m   Compiling[0m os-benchmark v0.4.0-rc.1 (/home/runner/work/AIagentOS/AIagentOS/benchmarks)
2026-10-08T11:46:55.9634700Z [1m[92m    Finished[0m `dev` profile [unoptimized + debuginfo] target(s) in 1m 49s
2026-10-08T11:46:56.0999555Z [1m[92m     Running[0m `target/debug/memory-qualification`
2026-10-08T11:49:42.8066116Z ##[group]Run jq -e '.schema_version == 3 and .mode == "production-context" and
2026-10-08T11:49:42.8066599Z [36;1mjq -e '.schema_version == 3 and .mode == "production-context" and[0m
2026-10-08T11:49:42.8066944Z [36;1m  .evidence_class == "synthetic-context-scale" and[0m
2026-10-08T11:49:42.8067306Z [36;1m  .production_claim_allowed == false and .scale_qualification_passed == true and[0m
2026-10-08T11:49:42.8067707Z [36;1m  .passed == true and .corpus_items == 100000 and .queries == 100 and[0m
2026-10-08T11:49:42.8068058Z [36;1m  .provider_api_calls == 0 and .source.dirty == false and[0m
2026-10-08T11:49:42.8068383Z [36;1m  .source.os == "linux" and .traffic.requested_seconds >= 60 and[0m
2026-10-08T11:49:42.8068735Z [36;1m  .traffic.elapsed_seconds >= 60 and .integrity.missing_facts == 0 and[0m
2026-10-08T11:49:42.8069084Z [36;1m  .integrity.duplicate_ids == 0 and .traffic.errors == 0' \[0m
2026-10-08T11:49:42.8069433Z [36;1m  target/qualification/context-memory-100k.json[0m
2026-10-08T11:49:42.8069818Z [36;1mtest "$(jq -r .source.commit target/qualification/context-memory-100k.json)" = "$GITHUB_SHA"[0m
2026-10-08T11:49:42.8124495Z shell: /usr/bin/bash -e {0}
2026-10-08T11:49:42.8124706Z env:
2026-10-08T11:49:42.8124868Z   MEMORY_BENCH_MODE: production
2026-10-08T11:49:42.8125082Z   MEMORY_BENCH_ITEMS: 100000
2026-10-08T11:49:42.8125285Z   MEMORY_BENCH_QUERIES: 100
2026-10-08T11:49:42.8125472Z   MEMORY_BENCH_SOAK_SECONDS: 60
2026-10-08T11:49:42.8125666Z   CARGO_HOME: /home/runner/.cargo
2026-10-08T11:49:42.8125869Z   CARGO_INCREMENTAL: 0
2026-10-08T11:49:42.8126040Z   CARGO_TERM_COLOR: always
2026-10-08T11:49:42.8126215Z   CACHE_ON_FAILURE: false
2026-10-08T11:49:42.8126388Z ##[endgroup]
2026-10-08T11:49:42.8213143Z true
2026-10-08T11:49:42.8277550Z ##[group]Run actions/upload-artifact@043fb46d1a93c77aae656e7c1c64a875d1fc6a0a
2026-10-08T11:49:42.8277858Z with:
2026-10-08T11:49:42.8278100Z   name: context-memory-100k-35bc5ad0c2b4f85e25bb26dbf362de3dee139927
2026-10-08T11:49:42.8278526Z   path: target/qualification/context-memory-100k.json
target/qualification/memory-source.txt

2026-10-08T11:49:42.8278878Z   if-no-files-found: error
2026-10-08T11:49:42.8279070Z   retention-days: 30
2026-10-08T11:49:42.8279244Z   compression-level: 6
2026-10-08T11:49:42.8279418Z   overwrite: false
2026-10-08T11:49:42.8279591Z   include-hidden-files: false
2026-10-08T11:49:42.8279788Z   archive: true
2026-10-08T11:49:42.8279947Z env:
2026-10-08T11:49:42.8280104Z   MEMORY_BENCH_MODE: production
2026-10-08T11:49:42.8280301Z   MEMORY_BENCH_ITEMS: 100000
2026-10-08T11:49:42.8280485Z   MEMORY_BENCH_QUERIES: 100
2026-10-08T11:49:42.8280672Z   MEMORY_BENCH_SOAK_SECONDS: 60
2026-10-08T11:49:42.8280864Z   CARGO_HOME: /home/runner/.cargo
2026-10-08T11:49:42.8281079Z   CARGO_INCREMENTAL: 0
2026-10-08T11:49:42.8281252Z   CARGO_TERM_COLOR: always
2026-10-08T11:49:42.8281433Z   CACHE_ON_FAILURE: false
2026-10-08T11:49:42.8281614Z ##[endgroup]
2026-10-08T11:49:42.9372649Z Multiple search paths detected. Calculating the least common ancestor of all paths
2026-10-08T11:49:42.9374926Z The least common ancestor is /home/runner/work/AIagentOS/AIagentOS/target/qualification. This will be the root directory of the artifact
2026-10-08T11:49:42.9375734Z With the provided path, there will be 2 files uploaded
2026-10-08T11:49:42.9394218Z Artifact name is valid!
2026-10-08T11:49:42.9394953Z Root directory input is valid!
2026-10-08T11:49:43.2495003Z Uploading artifact: context-memory-100k-35bc5ad0c2b4f85e25bb26dbf362de3dee139927.zip
2026-10-08T11:49:43.2524120Z Beginning upload of artifact content to blob storage
2026-10-08T11:49:43.4730027Z Uploaded bytes 1330
2026-10-08T11:49:43.5270050Z Finished uploading artifact content to blob storage!
2026-10-08T11:49:43.5270683Z SHA256 digest of uploaded artifact is 11aa970f5f10062f910ee9db63bb320e8a330b6de1db2d01d0f6da1aaa9bff70
2026-10-08T11:49:43.5271265Z Finalizing artifact upload
2026-10-08T11:49:43.8811202Z Artifact context-memory-100k-35bc5ad0c2b4f85e25bb26dbf362de3dee139927 successfully finalized. Artifact ID 11547899166
2026-10-08T11:49:43.8812288Z Artifact context-memory-100k-35bc5ad0c2b4f85e25bb26dbf362de3dee139927 has been successfully uploaded! Final size is 1330 bytes. Artifact ID is 11547899166
2026-10-08T11:49:43.8814208Z Artifact download URL: https://github.com/surya-koritala/AIagentOS/actions/runs/37772086443/artifacts/11547899166
2026-10-08T11:49:43.8960183Z Post job cleanup.
2026-10-08T11:49:44.0045207Z Post job cleanup.
2026-10-08T11:49:44.0785134Z [command]/usr/bin/git version
2026-10-08T11:49:44.0823986Z git version 2.55.0
2026-10-08T11:49:44.0849698Z Temporarily overriding HOME='/home/runner/work/_temp/036545a8-8956-499f-b3cb-fdb5f338b097' before making global git config changes
2026-10-08T11:49:44.0850852Z Adding repository directory to the temporary git global config as a safe directory
2026-10-08T11:49:44.0853793Z [command]/usr/bin/git config --global --add safe.directory /home/runner/work/AIagentOS/AIagentOS
2026-10-08T11:49:44.0884083Z Removing SSH command configuration
2026-10-08T11:49:44.0888286Z [command]/usr/bin/git config --local --name-only --get-regexp core\.sshCommand
2026-10-08T11:49:44.0919810Z [command]/usr/bin/git submodule foreach --recursive sh -c "git config --local --name-only --get-regexp 'core\.sshCommand' && git config --local --unset-all 'core.sshCommand' || :"
2026-10-08T11:49:44.1123377Z Removing HTTP extra header
2026-10-08T11:49:44.1127888Z [command]/usr/bin/git config --local --name-only --get-regexp http\.https\:\/\/github\.com\/\.extraheader
2026-10-08T11:49:44.1155431Z [command]/usr/bin/git submodule foreach --recursive sh -c "git config --local --name-only --get-regexp 'http\.https\:\/\/github\.com\/\.extraheader' && git config --local --unset-all 'http.https://github.com/.extraheader' || :"
2026-10-08T11:49:44.1339949Z Removing includeIf entries pointing to credentials config files
2026-10-08T11:49:44.1344948Z [command]/usr/bin/git config --local --name-only --get-regexp ^includeIf\.gitdir:
2026-10-08T11:49:44.1367813Z includeif.gitdir:/home/runner/work/AIagentOS/AIagentOS/.git.path
2026-10-08T11:49:44.1368302Z includeif.gitdir:/home/runner/work/AIagentOS/AIagentOS/.git/worktrees/*.path
2026-10-08T11:49:44.1368650Z includeif.gitdir:/github/workspace/.git.path
2026-10-08T11:49:44.1368927Z includeif.gitdir:/github/workspace/.git/worktrees/*.path
2026-10-08T11:49:44.1374596Z [command]/usr/bin/git config --local --get-all includeif.gitdir:/home/runner/work/AIagentOS/AIagentOS/.git.path
2026-10-08T11:49:44.1393344Z /home/runner/work/_temp/git-credentials-efb4a57c-a316-4e15-9216-7c00ba59ba5d.config
2026-10-08T11:49:44.1401602Z [command]/usr/bin/git config --local --unset includeif.gitdir:/home/runner/work/AIagentOS/AIagentOS/.git.path \/home\/runner\/work\/_temp\/git\-credentials\-efb4a57c\-a316\-4e15\-9216\-7c00ba59ba5d\.config
2026-10-08T11:49:44.1437290Z [command]/usr/bin/git config --local --get-all includeif.gitdir:/home/runner/work/AIagentOS/AIagentOS/.git/worktrees/*.path
2026-10-08T11:49:44.1456698Z /home/runner/work/_temp/git-credentials-efb4a57c-a316-4e15-9216-7c00ba59ba5d.config
2026-10-08T11:49:44.1463888Z [command]/usr/bin/git config --local --unset includeif.gitdir:/home/runner/work/AIagentOS/AIagentOS/.git/worktrees/*.path \/home\/runner\/work\/_temp\/git\-credentials\-efb4a57c\-a316\-4e15\-9216\-7c00ba59ba5d\.config
2026-10-08T11:49:44.1490829Z [command]/usr/bin/git config --local --get-all includeif.gitdir:/github/workspace/.git.path
2026-10-08T11:49:44.1508504Z /github/runner_temp/git-credentials-efb4a57c-a316-4e15-9216-7c00ba59ba5d.config
2026-10-08T11:49:44.1514227Z [command]/usr/bin/git config --local --unset includeif.gitdir:/github/workspace/.git.path \/github\/runner_temp\/git\-credentials\-efb4a57c\-a316\-4e15\-9216\-7c00ba59ba5d\.config
2026-10-08T11:49:44.1539790Z [command]/usr/bin/git config --local --get-all includeif.gitdir:/github/workspace/.git/worktrees/*.path
2026-10-08T11:49:44.1557873Z /github/runner_temp/git-credentials-efb4a57c-a316-4e15-9216-7c00ba59ba5d.config
2026-10-08T11:49:44.1564010Z [command]/usr/bin/git config --local --unset includeif.gitdir:/github/workspace/.git/worktrees/*.path \/github\/runner_temp\/git\-credentials\-efb4a57c\-a316\-4e15\-9216\-7c00ba59ba5d\.config
2026-10-08T11:49:44.1592172Z [command]/usr/bin/git submodule foreach --recursive git config --local --show-origin --name-only --get-regexp remote.origin.url
2026-10-08T11:49:44.1769668Z Removing credentials config '/home/runner/work/_temp/git-credentials-efb4a57c-a316-4e15-9216-7c00ba59ba5d.config'
2026-10-08T11:49:44.1900280Z Cleaning up orphan processes
